Archive member included to satisfy reference by file (symbol)

d:/intelfpga/16.1/nios2eds/bin/gnu/h-x86_64-mingw32/bin/../lib/gcc/nios2-elf/5.3.0/../../../../../H-x86_64-mingw32/nios2-elf/lib\libsmallc.a(lib_a-puts.o)
                              obj/default/main.o (puts)
d:/intelfpga/16.1/nios2eds/bin/gnu/h-x86_64-mingw32/bin/../lib/gcc/nios2-elf/5.3.0/../../../../../H-x86_64-mingw32/nios2-elf/lib\libsmallc.a(lib_a-strlen.o)
                              d:/intelfpga/16.1/nios2eds/bin/gnu/h-x86_64-mingw32/bin/../lib/gcc/nios2-elf/5.3.0/../../../../../H-x86_64-mingw32/nios2-elf/lib\libsmallc.a(lib_a-puts.o) (strlen)
d:/intelfpga/16.1/nios2eds/bin/gnu/h-x86_64-mingw32/bin/../lib/gcc/nios2-elf/5.3.0/../../../../../H-x86_64-mingw32/nios2-elf/lib\libsmallc.a(lib_a-fvwrite_small_dev.o)
                              d:/intelfpga/16.1/nios2eds/bin/gnu/h-x86_64-mingw32/bin/../lib/gcc/nios2-elf/5.3.0/../../../../../H-x86_64-mingw32/nios2-elf/lib\libsmallc.a(lib_a-puts.o) (__sfvwrite_small_dev)
d:/intelfpga/16.1/nios2eds/bin/gnu/h-x86_64-mingw32/bin/../lib/gcc/nios2-elf/5.3.0/../../../../../H-x86_64-mingw32/nios2-elf/lib\libsmallc.a(lib_a-impure.o)
                              d:/intelfpga/16.1/nios2eds/bin/gnu/h-x86_64-mingw32/bin/../lib/gcc/nios2-elf/5.3.0/../../../../../H-x86_64-mingw32/nios2-elf/lib\libsmallc.a(lib_a-puts.o) (_impure_ptr)
d:/intelfpga/16.1/nios2eds/bin/gnu/h-x86_64-mingw32/bin/../lib/gcc/nios2-elf/5.3.0/../../../../../H-x86_64-mingw32/nios2-elf/lib\libsmallc.a(lib_a-writer.o)
                              d:/intelfpga/16.1/nios2eds/bin/gnu/h-x86_64-mingw32/bin/../lib/gcc/nios2-elf/5.3.0/../../../../../H-x86_64-mingw32/nios2-elf/lib\libsmallc.a(lib_a-fvwrite_small_dev.o) (_write_r)
d:/intelfpga/16.1/nios2eds/bin/gnu/h-x86_64-mingw32/bin/../lib/gcc/nios2-elf/5.3.0/../../../../../H-x86_64-mingw32/nios2-elf/lib\libsmallc.a(lib_a-int_errno.o)
                              d:/intelfpga/16.1/nios2eds/bin/gnu/h-x86_64-mingw32/bin/../lib/gcc/nios2-elf/5.3.0/../../../../../H-x86_64-mingw32/nios2-elf/lib\libsmallc.a(lib_a-writer.o) (errno)
../NIOS_APP_bsp/\libhal_bsp.a(alt_load.o)
                              ../NIOS_APP_bsp//obj/HAL/src/crt0.o (alt_load)
../NIOS_APP_bsp/\libhal_bsp.a(alt_main.o)
                              ../NIOS_APP_bsp//obj/HAL/src/crt0.o (alt_main)
../NIOS_APP_bsp/\libhal_bsp.a(alt_usleep.o)
                              obj/default/main.o (usleep)
../NIOS_APP_bsp/\libhal_bsp.a(alt_write.o)
                              d:/intelfpga/16.1/nios2eds/bin/gnu/h-x86_64-mingw32/bin/../lib/gcc/nios2-elf/5.3.0/../../../../../H-x86_64-mingw32/nios2-elf/lib\libsmallc.a(lib_a-writer.o) (write)
../NIOS_APP_bsp/\libhal_bsp.a(alt_sys_init.o)
                              ../NIOS_APP_bsp/\libhal_bsp.a(alt_main.o) (alt_irq_init)
../NIOS_APP_bsp/\libhal_bsp.a(altera_avalon_jtag_uart_fd.o)
                              ../NIOS_APP_bsp/\libhal_bsp.a(alt_sys_init.o) (altera_avalon_jtag_uart_read_fd)
../NIOS_APP_bsp/\libhal_bsp.a(altera_avalon_jtag_uart_read.o)
                              ../NIOS_APP_bsp/\libhal_bsp.a(altera_avalon_jtag_uart_fd.o) (altera_avalon_jtag_uart_read)
../NIOS_APP_bsp/\libhal_bsp.a(altera_avalon_jtag_uart_write.o)
                              ../NIOS_APP_bsp/\libhal_bsp.a(altera_avalon_jtag_uart_fd.o) (altera_avalon_jtag_uart_write)
../NIOS_APP_bsp/\libhal_bsp.a(altera_avalon_timer_sc.o)
                              ../NIOS_APP_bsp/\libhal_bsp.a(alt_sys_init.o) (alt_avalon_timer_sc_init)
../NIOS_APP_bsp/\libhal_bsp.a(alt_busy_sleep.o)
                              ../NIOS_APP_bsp/\libhal_bsp.a(alt_usleep.o) (alt_busy_sleep)
../NIOS_APP_bsp/\libhal_bsp.a(alt_close.o)
                              ../NIOS_APP_bsp/\libhal_bsp.a(alt_main.o) (close)
../NIOS_APP_bsp/\libhal_bsp.a(alt_dcache_flush_all.o)
                              ../NIOS_APP_bsp/\libhal_bsp.a(alt_load.o) (alt_dcache_flush_all)
../NIOS_APP_bsp/\libhal_bsp.a(alt_dev.o)
                              ../NIOS_APP_bsp/\libhal_bsp.a(alt_sys_init.o) (alt_dev_list)
../NIOS_APP_bsp/\libhal_bsp.a(alt_dev_llist_insert.o)
                              ../NIOS_APP_bsp/\libhal_bsp.a(alt_sys_init.o) (alt_dev_llist_insert)
../NIOS_APP_bsp/\libhal_bsp.a(alt_do_ctors.o)
                              ../NIOS_APP_bsp/\libhal_bsp.a(alt_main.o) (_do_ctors)
../NIOS_APP_bsp/\libhal_bsp.a(alt_do_dtors.o)
                              ../NIOS_APP_bsp/\libhal_bsp.a(alt_main.o) (_do_dtors)
../NIOS_APP_bsp/\libhal_bsp.a(alt_errno.o)
                              ../NIOS_APP_bsp/\libhal_bsp.a(alt_write.o) (alt_errno)
../NIOS_APP_bsp/\libhal_bsp.a(alt_icache_flush_all.o)
                              ../NIOS_APP_bsp/\libhal_bsp.a(alt_load.o) (alt_icache_flush_all)
../NIOS_APP_bsp/\libhal_bsp.a(alt_iic.o)
                              ../NIOS_APP_bsp/\libhal_bsp.a(altera_avalon_timer_sc.o) (alt_ic_isr_register)
../NIOS_APP_bsp/\libhal_bsp.a(alt_iic_isr_register.o)
                              ../NIOS_APP_bsp/\libhal_bsp.a(alt_iic.o) (alt_iic_isr_register)
../NIOS_APP_bsp/\libhal_bsp.a(alt_io_redirect.o)
                              ../NIOS_APP_bsp/\libhal_bsp.a(alt_main.o) (alt_io_redirect)
../NIOS_APP_bsp/\libhal_bsp.a(alt_irq_entry.o)
                              ../NIOS_APP_bsp/\libhal_bsp.a(alt_iic_isr_register.o) (alt_irq_entry)
../NIOS_APP_bsp/\libhal_bsp.a(alt_irq_handler.o)
                              ../NIOS_APP_bsp/\libhal_bsp.a(alt_iic_isr_register.o) (alt_irq)
../NIOS_APP_bsp/\libhal_bsp.a(alt_irq_vars.o)
                              ../NIOS_APP_bsp/\libhal_bsp.a(alt_iic.o) (alt_irq_active)
../NIOS_APP_bsp/\libhal_bsp.a(alt_open.o)
                              ../NIOS_APP_bsp/\libhal_bsp.a(alt_io_redirect.o) (open)
../NIOS_APP_bsp/\libhal_bsp.a(alt_release_fd.o)
                              ../NIOS_APP_bsp/\libhal_bsp.a(alt_close.o) (alt_release_fd)
../NIOS_APP_bsp/\libhal_bsp.a(alt_tick.o)
                              ../NIOS_APP_bsp/\libhal_bsp.a(altera_avalon_timer_sc.o) (_alt_tick_rate)
../NIOS_APP_bsp/\libhal_bsp.a(altera_nios2_gen2_irq.o)
                              ../NIOS_APP_bsp/\libhal_bsp.a(alt_sys_init.o) (altera_nios2_gen2_irq_init)
../NIOS_APP_bsp/\libhal_bsp.a(alt_exception_entry.o)
                              ../NIOS_APP_bsp/\libhal_bsp.a(alt_irq_entry.o) (alt_exception)
../NIOS_APP_bsp/\libhal_bsp.a(alt_find_dev.o)
                              ../NIOS_APP_bsp/\libhal_bsp.a(alt_open.o) (alt_find_dev)
../NIOS_APP_bsp/\libhal_bsp.a(alt_find_file.o)
                              ../NIOS_APP_bsp/\libhal_bsp.a(alt_open.o) (alt_find_file)
../NIOS_APP_bsp/\libhal_bsp.a(alt_get_fd.o)
                              ../NIOS_APP_bsp/\libhal_bsp.a(alt_open.o) (alt_get_fd)
../NIOS_APP_bsp/\libhal_bsp.a(alt_icache_flush.o)
                              ../NIOS_APP_bsp/\libhal_bsp.a(alt_icache_flush_all.o) (alt_icache_flush)
../NIOS_APP_bsp/\libhal_bsp.a(alt_instruction_exception_entry.o)
                              ../NIOS_APP_bsp/\libhal_bsp.a(alt_exception_entry.o) (alt_instruction_exception_entry)
d:/intelfpga/16.1/nios2eds/bin/gnu/h-x86_64-mingw32/bin/../lib/gcc/nios2-elf/5.3.0/../../../../../H-x86_64-mingw32/nios2-elf/lib\libsmallc.a(lib_a-atexit.o)
                              ../NIOS_APP_bsp/\libhal_bsp.a(alt_main.o) (atexit)
d:/intelfpga/16.1/nios2eds/bin/gnu/h-x86_64-mingw32/bin/../lib/gcc/nios2-elf/5.3.0/../../../../../H-x86_64-mingw32/nios2-elf/lib\libsmallc.a(lib_a-exit.o)
                              ../NIOS_APP_bsp/\libhal_bsp.a(alt_main.o) (exit)
d:/intelfpga/16.1/nios2eds/bin/gnu/h-x86_64-mingw32/bin/../lib/gcc/nios2-elf/5.3.0/../../../../../H-x86_64-mingw32/nios2-elf/lib\libsmallc.a(lib_a-memcmp.o)
                              ../NIOS_APP_bsp/\libhal_bsp.a(alt_find_dev.o) (memcmp)
d:/intelfpga/16.1/nios2eds/bin/gnu/h-x86_64-mingw32/bin/../lib/gcc/nios2-elf/5.3.0/../../../../../H-x86_64-mingw32/nios2-elf/lib\libsmallc.a(lib_a-__atexit.o)
                              d:/intelfpga/16.1/nios2eds/bin/gnu/h-x86_64-mingw32/bin/../lib/gcc/nios2-elf/5.3.0/../../../../../H-x86_64-mingw32/nios2-elf/lib\libsmallc.a(lib_a-atexit.o) (__register_exitproc)
d:/intelfpga/16.1/nios2eds/bin/gnu/h-x86_64-mingw32/bin/../lib/gcc/nios2-elf/5.3.0/../../../../../H-x86_64-mingw32/nios2-elf/lib\libsmallc.a(lib_a-__call_atexit.o)
                              d:/intelfpga/16.1/nios2eds/bin/gnu/h-x86_64-mingw32/bin/../lib/gcc/nios2-elf/5.3.0/../../../../../H-x86_64-mingw32/nios2-elf/lib\libsmallc.a(lib_a-exit.o) (__call_exitprocs)
d:/intelfpga/16.1/nios2eds/bin/gnu/h-x86_64-mingw32/bin/../lib/gcc/nios2-elf/5.3.0\libgcc.a(lib2-divmod.o)
                              ../NIOS_APP_bsp/\libhal_bsp.a(alt_busy_sleep.o) (__udivsi3)
../NIOS_APP_bsp/\libhal_bsp.a(alt_exit.o)
                              d:/intelfpga/16.1/nios2eds/bin/gnu/h-x86_64-mingw32/bin/../lib/gcc/nios2-elf/5.3.0/../../../../../H-x86_64-mingw32/nios2-elf/lib\libsmallc.a(lib_a-exit.o) (_exit)

Allocating common symbols
Common symbol       size              file

alt_irq             0x100             ../NIOS_APP_bsp/\libhal_bsp.a(alt_irq_handler.o)
errno               0x4               d:/intelfpga/16.1/nios2eds/bin/gnu/h-x86_64-mingw32/bin/../lib/gcc/nios2-elf/5.3.0/../../../../../H-x86_64-mingw32/nios2-elf/lib\libsmallc.a(lib_a-int_errno.o)

Memory Configuration

Name             Origin             Length             Attributes
reset            0x0000000000040000 0x0000000000000020
onchip_memory2   0x0000000000040020 0x000000000000ffe0
*default*        0x0000000000000000 0xffffffffffffffff

Linker script and memory map

LOAD ../NIOS_APP_bsp//obj/HAL/src/crt0.o
LOAD obj/default/main.o
LOAD d:/intelfpga/16.1/nios2eds/bin/gnu/h-x86_64-mingw32/bin/../lib/gcc/nios2-elf/5.3.0/../../../../../H-x86_64-mingw32/nios2-elf/lib\libstdc++.a
LOAD d:/intelfpga/16.1/nios2eds/bin/gnu/h-x86_64-mingw32/bin/../lib/gcc/nios2-elf/5.3.0/../../../../../H-x86_64-mingw32/nios2-elf/lib\libm.a
LOAD d:/intelfpga/16.1/nios2eds/bin/gnu/h-x86_64-mingw32/bin/../lib/gcc/nios2-elf/5.3.0\libgcc.a
START GROUP
LOAD d:/intelfpga/16.1/nios2eds/bin/gnu/h-x86_64-mingw32/bin/../lib/gcc/nios2-elf/5.3.0/../../../../../H-x86_64-mingw32/nios2-elf/lib\libsmallc.a
LOAD d:/intelfpga/16.1/nios2eds/bin/gnu/h-x86_64-mingw32/bin/../lib/gcc/nios2-elf/5.3.0\libgcc.a
LOAD ../NIOS_APP_bsp/\libhal_bsp.a
LOAD d:/intelfpga/16.1/nios2eds/bin/gnu/h-x86_64-mingw32/bin/../lib/gcc/nios2-elf/5.3.0/../../../../../H-x86_64-mingw32/nios2-elf/lib\libm.a
END GROUP
LOAD d:/intelfpga/16.1/nios2eds/bin/gnu/h-x86_64-mingw32/bin/../lib/gcc/nios2-elf/5.3.0\libgcc.a
                0x0000000000040000                __alt_mem_onchip_memory2 = 0x40000

.entry          0x0000000000040000       0x20
 *(.entry)
 .entry         0x0000000000040000       0x20 ../NIOS_APP_bsp//obj/HAL/src/crt0.o
                0x0000000000040000                __reset

.exceptions     0x0000000000040020      0x224
                0x0000000000040020                PROVIDE (__ram_exceptions_start, ABSOLUTE (.))
                0x0000000000040020                . = ALIGN (0x20)
 *(.irq)
 *(.exceptions.entry.label)
 .exceptions.entry.label
                0x0000000000040020        0x0 ../NIOS_APP_bsp/\libhal_bsp.a(alt_irq_entry.o)
                0x0000000000040020                alt_irq_entry
 .exceptions.entry.label
                0x0000000000040020        0x0 ../NIOS_APP_bsp/\libhal_bsp.a(alt_exception_entry.o)
                0x0000000000040020                alt_exception
 *(.exceptions.entry.user)
 *(.exceptions.entry.ecc_fatal)
 *(.exceptions.entry)
 .exceptions.entry
                0x0000000000040020       0x54 ../NIOS_APP_bsp/\libhal_bsp.a(alt_exception_entry.o)
 *(.exceptions.irqtest.user)
 *(.exceptions.irqtest)
 .exceptions.irqtest
                0x0000000000040074       0x10 ../NIOS_APP_bsp/\libhal_bsp.a(alt_irq_entry.o)
 *(.exceptions.irqhandler.user)
 *(.exceptions.irqhandler)
 .exceptions.irqhandler
                0x0000000000040084        0x4 ../NIOS_APP_bsp/\libhal_bsp.a(alt_irq_entry.o)
 *(.exceptions.irqreturn.user)
 *(.exceptions.irqreturn)
 .exceptions.irqreturn
                0x0000000000040088        0x4 ../NIOS_APP_bsp/\libhal_bsp.a(alt_irq_entry.o)
 *(.exceptions.notirq.label)
 .exceptions.notirq.label
                0x000000000004008c        0x0 ../NIOS_APP_bsp/\libhal_bsp.a(alt_irq_entry.o)
 *(.exceptions.notirq.user)
 *(.exceptions.notirq)
 .exceptions.notirq
                0x000000000004008c        0x8 ../NIOS_APP_bsp/\libhal_bsp.a(alt_exception_entry.o)
 *(.exceptions.soft.user)
 *(.exceptions.soft)
 *(.exceptions.unknown.user)
 *(.exceptions.unknown)
 .exceptions.unknown
                0x0000000000040094       0x14 ../NIOS_APP_bsp/\libhal_bsp.a(alt_exception_entry.o)
 *(.exceptions.exit.label)
 .exceptions.exit.label
                0x00000000000400a8        0x0 ../NIOS_APP_bsp/\libhal_bsp.a(alt_irq_entry.o)
 .exceptions.exit.label
                0x00000000000400a8        0x0 ../NIOS_APP_bsp/\libhal_bsp.a(alt_exception_entry.o)
 *(.exceptions.exit.user)
 *(.exceptions.exit)
 .exceptions.exit
                0x00000000000400a8       0x54 ../NIOS_APP_bsp/\libhal_bsp.a(alt_exception_entry.o)
 *(.exceptions)
 .exceptions    0x00000000000400fc       0xd4 ../NIOS_APP_bsp/\libhal_bsp.a(alt_irq_handler.o)
                0x00000000000400fc                alt_irq_handler
 .exceptions    0x00000000000401d0       0x74 ../NIOS_APP_bsp/\libhal_bsp.a(alt_instruction_exception_entry.o)
                0x00000000000401d0                alt_instruction_exception_entry
                0x0000000000040244                PROVIDE (__ram_exceptions_end, ABSOLUTE (.))
                0x0000000000040020                PROVIDE (__flash_exceptions_start, LOADADDR (.exceptions))

.text           0x0000000000040244     0x23b8
                [!provide]                        PROVIDE (stext, ABSOLUTE (.))
 *(.interp)
 *(.hash)
 *(.dynsym)
 *(.dynstr)
 *(.gnu.version)
 *(.gnu.version_d)
 *(.gnu.version_r)
 *(.rel.init)
 *(.rela.init)
 *(.rel.text .rel.text.* .rel.gnu.linkonce.t.*)
 *(.rela.text .rela.text.* .rela.gnu.linkonce.t.*)
 *(.rel.fini)
 *(.rela.fini)
 *(.rel.rodata .rel.rodata.* .rel.gnu.linkonce.r.*)
 *(.rela.rodata .rela.rodata.* .rela.gnu.linkonce.r.*)
 *(.rel.data .rel.data.* .rel.gnu.linkonce.d.*)
 *(.rela.data .rela.data.* .rela.gnu.linkonce.d.*)
 *(.rel.tdata .rel.tdata.* .rel.gnu.linkonce.td.*)
 *(.rela.tdata .rela.tdata.* .rela.gnu.linkonce.td.*)
 *(.rel.tbss .rel.tbss.* .rel.gnu.linkonce.tb.*)
 *(.rela.tbss .rela.tbss.* .rela.gnu.linkonce.tb.*)
 *(.rel.ctors)
 *(.rela.ctors)
 *(.rel.dtors)
 *(.rela.dtors)
 *(.rel.got)
 *(.rela.got)
 *(.rel.sdata .rel.sdata.* .rel.gnu.linkonce.s.*)
 *(.rela.sdata .rela.sdata.* .rela.gnu.linkonce.s.*)
 *(.rel.sbss .rel.sbss.* .rel.gnu.linkonce.sb.*)
 *(.rela.sbss .rela.sbss.* .rela.gnu.linkonce.sb.*)
 *(.rel.sdata2 .rel.sdata2.* .rel.gnu.linkonce.s2.*)
 *(.rela.sdata2 .rela.sdata2.* .rela.gnu.linkonce.s2.*)
 *(.rel.sbss2 .rel.sbss2.* .rel.gnu.linkonce.sb2.*)
 *(.rela.sbss2 .rela.sbss2.* .rela.gnu.linkonce.sb2.*)
 *(.rel.bss .rel.bss.* .rel.gnu.linkonce.b.*)
 *(.rela.bss .rela.bss.* .rela.gnu.linkonce.b.*)
 *(.rel.plt)
 *(.rela.plt)
 *(.rel.dyn)
 *(.init)
 *(.plt)
 *(.text .stub .text.* .gnu.linkonce.t.*)
 .text          0x0000000000040244       0x4c ../NIOS_APP_bsp//obj/HAL/src/crt0.o
                0x0000000000040244                _start
 .text          0x0000000000040290      0x54c obj/default/main.o
                0x0000000000040290                MIX_Reset
                0x000000000004038c                MIX_EnableLayer
                0x000000000004046c                MIX_MoveLayer
                0x00000000000404e4                config_for_linux
                0x00000000000405b0                test
                0x00000000000407ac                main
 .text          0x00000000000407dc        0x0 d:/intelfpga/16.1/nios2eds/bin/gnu/h-x86_64-mingw32/bin/../lib/gcc/nios2-elf/5.3.0/../../../../../H-x86_64-mingw32/nios2-elf/lib\libsmallc.a(lib_a-puts.o)
 .text._puts_r  0x00000000000407dc       0x80 d:/intelfpga/16.1/nios2eds/bin/gnu/h-x86_64-mingw32/bin/../lib/gcc/nios2-elf/5.3.0/../../../../../H-x86_64-mingw32/nios2-elf/lib\libsmallc.a(lib_a-puts.o)
                0x00000000000407dc                _puts_r
 .text.puts     0x000000000004085c       0x14 d:/intelfpga/16.1/nios2eds/bin/gnu/h-x86_64-mingw32/bin/../lib/gcc/nios2-elf/5.3.0/../../../../../H-x86_64-mingw32/nios2-elf/lib\libsmallc.a(lib_a-puts.o)
                0x000000000004085c                puts
 .text          0x0000000000040870        0x0 d:/intelfpga/16.1/nios2eds/bin/gnu/h-x86_64-mingw32/bin/../lib/gcc/nios2-elf/5.3.0/../../../../../H-x86_64-mingw32/nios2-elf/lib\libsmallc.a(lib_a-strlen.o)
 .text.strlen   0x0000000000040870       0x1c d:/intelfpga/16.1/nios2eds/bin/gnu/h-x86_64-mingw32/bin/../lib/gcc/nios2-elf/5.3.0/../../../../../H-x86_64-mingw32/nios2-elf/lib\libsmallc.a(lib_a-strlen.o)
                0x0000000000040870                strlen
 .text          0x000000000004088c        0x0 d:/intelfpga/16.1/nios2eds/bin/gnu/h-x86_64-mingw32/bin/../lib/gcc/nios2-elf/5.3.0/../../../../../H-x86_64-mingw32/nios2-elf/lib\libsmallc.a(lib_a-fvwrite_small_dev.o)
 .text.__sfvwrite_small_dev
                0x000000000004088c       0xb8 d:/intelfpga/16.1/nios2eds/bin/gnu/h-x86_64-mingw32/bin/../lib/gcc/nios2-elf/5.3.0/../../../../../H-x86_64-mingw32/nios2-elf/lib\libsmallc.a(lib_a-fvwrite_small_dev.o)
                0x000000000004088c                __sfvwrite_small_dev
 .text          0x0000000000040944        0x0 d:/intelfpga/16.1/nios2eds/bin/gnu/h-x86_64-mingw32/bin/../lib/gcc/nios2-elf/5.3.0/../../../../../H-x86_64-mingw32/nios2-elf/lib\libsmallc.a(lib_a-impure.o)
 .text          0x0000000000040944        0x0 d:/intelfpga/16.1/nios2eds/bin/gnu/h-x86_64-mingw32/bin/../lib/gcc/nios2-elf/5.3.0/../../../../../H-x86_64-mingw32/nios2-elf/lib\libsmallc.a(lib_a-writer.o)
 .text._write_r
                0x0000000000040944       0x58 d:/intelfpga/16.1/nios2eds/bin/gnu/h-x86_64-mingw32/bin/../lib/gcc/nios2-elf/5.3.0/../../../../../H-x86_64-mingw32/nios2-elf/lib\libsmallc.a(lib_a-writer.o)
                0x0000000000040944                _write_r
 .text          0x000000000004099c        0x0 d:/intelfpga/16.1/nios2eds/bin/gnu/h-x86_64-mingw32/bin/../lib/gcc/nios2-elf/5.3.0/../../../../../H-x86_64-mingw32/nios2-elf/lib\libsmallc.a(lib_a-int_errno.o)
 .text          0x000000000004099c       0xec ../NIOS_APP_bsp/\libhal_bsp.a(alt_load.o)
                0x0000000000040a04                alt_load
 .text          0x0000000000040a88       0x7c ../NIOS_APP_bsp/\libhal_bsp.a(alt_main.o)
                0x0000000000040a88                alt_main
 .text          0x0000000000040b04       0x30 ../NIOS_APP_bsp/\libhal_bsp.a(alt_usleep.o)
                0x0000000000040b04                usleep
 .text          0x0000000000040b34      0x134 ../NIOS_APP_bsp/\libhal_bsp.a(alt_write.o)
                0x0000000000040b70                write
 .text          0x0000000000040c68       0xb8 ../NIOS_APP_bsp/\libhal_bsp.a(alt_sys_init.o)
                0x0000000000040c9c                alt_irq_init
                0x0000000000040cd4                alt_sys_init
 .text          0x0000000000040d20       0xc0 ../NIOS_APP_bsp/\libhal_bsp.a(altera_avalon_jtag_uart_fd.o)
                0x0000000000040d20                altera_avalon_jtag_uart_read_fd
                0x0000000000040d80                altera_avalon_jtag_uart_write_fd
 .text          0x0000000000040de0       0xec ../NIOS_APP_bsp/\libhal_bsp.a(altera_avalon_jtag_uart_read.o)
                0x0000000000040de0                altera_avalon_jtag_uart_read
 .text          0x0000000000040ecc       0x94 ../NIOS_APP_bsp/\libhal_bsp.a(altera_avalon_jtag_uart_write.o)
                0x0000000000040ecc                altera_avalon_jtag_uart_write
 .text          0x0000000000040f60       0xf4 ../NIOS_APP_bsp/\libhal_bsp.a(altera_avalon_timer_sc.o)
                0x0000000000040fd8                alt_avalon_timer_sc_init
 .text          0x0000000000041054      0x158 ../NIOS_APP_bsp/\libhal_bsp.a(alt_busy_sleep.o)
                0x0000000000041054                alt_busy_sleep
 .text          0x00000000000411ac      0x10c ../NIOS_APP_bsp/\libhal_bsp.a(alt_close.o)
                0x00000000000411e8                close
 .text          0x00000000000412b8       0x48 ../NIOS_APP_bsp/\libhal_bsp.a(alt_dcache_flush_all.o)
                0x00000000000412b8                alt_dcache_flush_all
 .text          0x0000000000041300       0x2c ../NIOS_APP_bsp/\libhal_bsp.a(alt_dev.o)
 .text          0x000000000004132c       0xe0 ../NIOS_APP_bsp/\libhal_bsp.a(alt_dev_llist_insert.o)
                0x0000000000041368                alt_dev_llist_insert
 .text          0x000000000004140c       0x60 ../NIOS_APP_bsp/\libhal_bsp.a(alt_do_ctors.o)
                0x000000000004140c                _do_ctors
 .text          0x000000000004146c       0x60 ../NIOS_APP_bsp/\libhal_bsp.a(alt_do_dtors.o)
                0x000000000004146c                _do_dtors
 .text          0x00000000000414cc        0x0 ../NIOS_APP_bsp/\libhal_bsp.a(alt_errno.o)
 .text          0x00000000000414cc       0x34 ../NIOS_APP_bsp/\libhal_bsp.a(alt_icache_flush_all.o)
                0x00000000000414cc                alt_icache_flush_all
 .text          0x0000000000041500      0x1b0 ../NIOS_APP_bsp/\libhal_bsp.a(alt_iic.o)
                0x0000000000041500                alt_ic_isr_register
                0x0000000000041550                alt_ic_irq_enable
                0x00000000000415d8                alt_ic_irq_disable
                0x0000000000041664                alt_ic_irq_enabled
 .text          0x00000000000416b0       0xf0 ../NIOS_APP_bsp/\libhal_bsp.a(alt_iic_isr_register.o)
                0x00000000000416b0                alt_iic_isr_register
 .text          0x00000000000417a0      0x140 ../NIOS_APP_bsp/\libhal_bsp.a(alt_io_redirect.o)
                0x0000000000041864                alt_io_redirect
 .text          0x00000000000418e0        0x0 ../NIOS_APP_bsp/\libhal_bsp.a(alt_irq_entry.o)
 .text          0x00000000000418e0        0x0 ../NIOS_APP_bsp/\libhal_bsp.a(alt_irq_handler.o)
 .text          0x00000000000418e0        0x0 ../NIOS_APP_bsp/\libhal_bsp.a(alt_irq_vars.o)
 .text          0x00000000000418e0      0x254 ../NIOS_APP_bsp/\libhal_bsp.a(alt_open.o)
                0x00000000000419e0                open
 .text          0x0000000000041b34       0x64 ../NIOS_APP_bsp/\libhal_bsp.a(alt_release_fd.o)
                0x0000000000041b34                alt_release_fd
 .text          0x0000000000041b98      0x1a4 ../NIOS_APP_bsp/\libhal_bsp.a(alt_tick.o)
                0x0000000000041b98                alt_alarm_stop
                0x0000000000041c34                alt_tick
 .text          0x0000000000041d3c       0x24 ../NIOS_APP_bsp/\libhal_bsp.a(altera_nios2_gen2_irq.o)
                0x0000000000041d3c                altera_nios2_gen2_irq_init
 .text          0x0000000000041d60        0x0 ../NIOS_APP_bsp/\libhal_bsp.a(alt_exception_entry.o)
 .text          0x0000000000041d60       0x90 ../NIOS_APP_bsp/\libhal_bsp.a(alt_find_dev.o)
                0x0000000000041d60                alt_find_dev
 .text          0x0000000000041df0      0x108 ../NIOS_APP_bsp/\libhal_bsp.a(alt_find_file.o)
                0x0000000000041df0                alt_find_file
 .text          0x0000000000041ef8       0xa4 ../NIOS_APP_bsp/\libhal_bsp.a(alt_get_fd.o)
                0x0000000000041ef8                alt_get_fd
 .text          0x0000000000041f9c       0x90 ../NIOS_APP_bsp/\libhal_bsp.a(alt_icache_flush.o)
                0x0000000000041f9c                alt_icache_flush
 .text          0x000000000004202c       0x9c ../NIOS_APP_bsp/\libhal_bsp.a(alt_instruction_exception_entry.o)
                0x000000000004202c                alt_exception_cause_generated_bad_addr
 .text          0x00000000000420c8        0x0 d:/intelfpga/16.1/nios2eds/bin/gnu/h-x86_64-mingw32/bin/../lib/gcc/nios2-elf/5.3.0/../../../../../H-x86_64-mingw32/nios2-elf/lib\libsmallc.a(lib_a-atexit.o)
 .text.atexit   0x00000000000420c8       0x14 d:/intelfpga/16.1/nios2eds/bin/gnu/h-x86_64-mingw32/bin/../lib/gcc/nios2-elf/5.3.0/../../../../../H-x86_64-mingw32/nios2-elf/lib\libsmallc.a(lib_a-atexit.o)
                0x00000000000420c8                atexit
 .text          0x00000000000420dc        0x0 d:/intelfpga/16.1/nios2eds/bin/gnu/h-x86_64-mingw32/bin/../lib/gcc/nios2-elf/5.3.0/../../../../../H-x86_64-mingw32/nios2-elf/lib\libsmallc.a(lib_a-exit.o)
 .text.exit     0x00000000000420dc       0x20 d:/intelfpga/16.1/nios2eds/bin/gnu/h-x86_64-mingw32/bin/../lib/gcc/nios2-elf/5.3.0/../../../../../H-x86_64-mingw32/nios2-elf/lib\libsmallc.a(lib_a-exit.o)
                0x00000000000420dc                exit
 .text          0x00000000000420fc        0x0 d:/intelfpga/16.1/nios2eds/bin/gnu/h-x86_64-mingw32/bin/../lib/gcc/nios2-elf/5.3.0/../../../../../H-x86_64-mingw32/nios2-elf/lib\libsmallc.a(lib_a-memcmp.o)
 .text.memcmp   0x00000000000420fc       0x30 d:/intelfpga/16.1/nios2eds/bin/gnu/h-x86_64-mingw32/bin/../lib/gcc/nios2-elf/5.3.0/../../../../../H-x86_64-mingw32/nios2-elf/lib\libsmallc.a(lib_a-memcmp.o)
                0x00000000000420fc                memcmp
 .text          0x000000000004212c        0x0 d:/intelfpga/16.1/nios2eds/bin/gnu/h-x86_64-mingw32/bin/../lib/gcc/nios2-elf/5.3.0/../../../../../H-x86_64-mingw32/nios2-elf/lib\libsmallc.a(lib_a-__atexit.o)
 .text.__register_exitproc
                0x000000000004212c      0x158 d:/intelfpga/16.1/nios2eds/bin/gnu/h-x86_64-mingw32/bin/../lib/gcc/nios2-elf/5.3.0/../../../../../H-x86_64-mingw32/nios2-elf/lib\libsmallc.a(lib_a-__atexit.o)
                0x000000000004212c                __register_exitproc
 .text          0x0000000000042284        0x0 d:/intelfpga/16.1/nios2eds/bin/gnu/h-x86_64-mingw32/bin/../lib/gcc/nios2-elf/5.3.0/../../../../../H-x86_64-mingw32/nios2-elf/lib\libsmallc.a(lib_a-__call_atexit.o)
 .text.__call_exitprocs
                0x0000000000042284      0x190 d:/intelfpga/16.1/nios2eds/bin/gnu/h-x86_64-mingw32/bin/../lib/gcc/nios2-elf/5.3.0/../../../../../H-x86_64-mingw32/nios2-elf/lib\libsmallc.a(lib_a-__call_atexit.o)
                0x0000000000042284                __call_exitprocs
 .text          0x0000000000042414      0x1b4 d:/intelfpga/16.1/nios2eds/bin/gnu/h-x86_64-mingw32/bin/../lib/gcc/nios2-elf/5.3.0\libgcc.a(lib2-divmod.o)
                0x0000000000042414                __divsi3
                0x0000000000042498                __modsi3
                0x000000000004250c                __udivsi3
                0x0000000000042570                __umodsi3
 .text          0x00000000000425c8       0x34 ../NIOS_APP_bsp/\libhal_bsp.a(alt_exit.o)
                0x00000000000425c8                _exit
 *(.gnu.warning.*)
 *(.fini)
                [!provide]                        PROVIDE (__etext, ABSOLUTE (.))
                [!provide]                        PROVIDE (_etext, ABSOLUTE (.))
                [!provide]                        PROVIDE (etext, ABSOLUTE (.))
 *(.eh_frame_hdr)
                0x00000000000425fc                . = ALIGN (0x4)
                [!provide]                        PROVIDE (__preinit_array_start, ABSOLUTE (.))
 *(.preinit_array)
                [!provide]                        PROVIDE (__preinit_array_end, ABSOLUTE (.))
                [!provide]                        PROVIDE (__init_array_start, ABSOLUTE (.))
 *(.init_array)
                [!provide]                        PROVIDE (__init_array_end, ABSOLUTE (.))
                [!provide]                        PROVIDE (__fini_array_start, ABSOLUTE (.))
 *(.fini_array)
                [!provide]                        PROVIDE (__fini_array_end, ABSOLUTE (.))
 *(.eh_frame)
 *(.gcc_except_table .gcc_except_table.*)
 *(.dynamic)
                0x00000000000425fc                PROVIDE (__CTOR_LIST__, ABSOLUTE (.))
 *(.ctors)
 *(SORT(.ctors.*))
                0x00000000000425fc                PROVIDE (__CTOR_END__, ABSOLUTE (.))
                0x00000000000425fc                PROVIDE (__DTOR_LIST__, ABSOLUTE (.))
 *(.dtors)
 *(SORT(.dtors.*))
                0x00000000000425fc                PROVIDE (__DTOR_END__, ABSOLUTE (.))
 *(.jcr)
                0x00000000000425fc                . = ALIGN (0x4)

.rodata         0x00000000000425fc       0xa4
                0x00000000000425fc                PROVIDE (__ram_rodata_start, ABSOLUTE (.))
                0x00000000000425fc                . = ALIGN (0x4)
 *(.rodata .rodata.* .gnu.linkonce.r.*)
 .rodata        0x00000000000425fc       0x72 obj/default/main.o
 *fill*         0x000000000004266e        0x2 
 .rodata.str1.4
                0x0000000000042670        0x4 d:/intelfpga/16.1/nios2eds/bin/gnu/h-x86_64-mingw32/bin/../lib/gcc/nios2-elf/5.3.0/../../../../../H-x86_64-mingw32/nios2-elf/lib\libsmallc.a(lib_a-puts.o)
                                          0x2 (size before relaxing)
 .rodata        0x0000000000042674        0xf ../NIOS_APP_bsp/\libhal_bsp.a(alt_main.o)
 *fill*         0x0000000000042683        0x1 
 .rodata        0x0000000000042684        0xf ../NIOS_APP_bsp/\libhal_bsp.a(alt_sys_init.o)
 *fill*         0x0000000000042693        0x1 
 .rodata        0x0000000000042694        0xa ../NIOS_APP_bsp/\libhal_bsp.a(alt_dev.o)
 *(.rodata1)
                0x00000000000426a0                . = ALIGN (0x4)
 *fill*         0x000000000004269e        0x2 
                0x00000000000426a0                PROVIDE (__ram_rodata_end, ABSOLUTE (.))
                0x00000000000425fc                PROVIDE (__flash_rodata_start, LOADADDR (.rodata))

.rwdata         0x00000000000426a0      0x2e0 load address 0x0000000000042980
                0x00000000000426a0                PROVIDE (__ram_rwdata_start, ABSOLUTE (.))
                0x00000000000426a0                . = ALIGN (0x4)
 *(.got.plt)
 *(.got)
 *(.data1)
 *(.data .data.* .gnu.linkonce.d.*)
 .data          0x00000000000426a0        0x0 ../NIOS_APP_bsp//obj/HAL/src/crt0.o
 .data          0x00000000000426a0        0x0 obj/default/main.o
 .data          0x00000000000426a0        0x0 d:/intelfpga/16.1/nios2eds/bin/gnu/h-x86_64-mingw32/bin/../lib/gcc/nios2-elf/5.3.0/../../../../../H-x86_64-mingw32/nios2-elf/lib\libsmallc.a(lib_a-puts.o)
 .data          0x00000000000426a0        0x0 d:/intelfpga/16.1/nios2eds/bin/gnu/h-x86_64-mingw32/bin/../lib/gcc/nios2-elf/5.3.0/../../../../../H-x86_64-mingw32/nios2-elf/lib\libsmallc.a(lib_a-strlen.o)
 .data          0x00000000000426a0        0x0 d:/intelfpga/16.1/nios2eds/bin/gnu/h-x86_64-mingw32/bin/../lib/gcc/nios2-elf/5.3.0/../../../../../H-x86_64-mingw32/nios2-elf/lib\libsmallc.a(lib_a-fvwrite_small_dev.o)
 .data          0x00000000000426a0        0x0 d:/intelfpga/16.1/nios2eds/bin/gnu/h-x86_64-mingw32/bin/../lib/gcc/nios2-elf/5.3.0/../../../../../H-x86_64-mingw32/nios2-elf/lib\libsmallc.a(lib_a-impure.o)
 .data.impure_data
                0x00000000000426a0       0xe0 d:/intelfpga/16.1/nios2eds/bin/gnu/h-x86_64-mingw32/bin/../lib/gcc/nios2-elf/5.3.0/../../../../../H-x86_64-mingw32/nios2-elf/lib\libsmallc.a(lib_a-impure.o)
 .data          0x0000000000042780        0x0 d:/intelfpga/16.1/nios2eds/bin/gnu/h-x86_64-mingw32/bin/../lib/gcc/nios2-elf/5.3.0/../../../../../H-x86_64-mingw32/nios2-elf/lib\libsmallc.a(lib_a-writer.o)
 .data          0x0000000000042780        0x0 d:/intelfpga/16.1/nios2eds/bin/gnu/h-x86_64-mingw32/bin/../lib/gcc/nios2-elf/5.3.0/../../../../../H-x86_64-mingw32/nios2-elf/lib\libsmallc.a(lib_a-int_errno.o)
 .data          0x0000000000042780        0x0 ../NIOS_APP_bsp/\libhal_bsp.a(alt_load.o)
 .data          0x0000000000042780        0x0 ../NIOS_APP_bsp/\libhal_bsp.a(alt_main.o)
 .data          0x0000000000042780        0x0 ../NIOS_APP_bsp/\libhal_bsp.a(alt_usleep.o)
 .data          0x0000000000042780        0x0 ../NIOS_APP_bsp/\libhal_bsp.a(alt_write.o)
 .data          0x0000000000042780       0x2c ../NIOS_APP_bsp/\libhal_bsp.a(alt_sys_init.o)
 .data          0x00000000000427ac        0x0 ../NIOS_APP_bsp/\libhal_bsp.a(altera_avalon_jtag_uart_fd.o)
 .data          0x00000000000427ac        0x0 ../NIOS_APP_bsp/\libhal_bsp.a(altera_avalon_jtag_uart_read.o)
 .data          0x00000000000427ac        0x0 ../NIOS_APP_bsp/\libhal_bsp.a(altera_avalon_jtag_uart_write.o)
 .data          0x00000000000427ac        0x0 ../NIOS_APP_bsp/\libhal_bsp.a(altera_avalon_timer_sc.o)
 .data          0x00000000000427ac        0x0 ../NIOS_APP_bsp/\libhal_bsp.a(alt_busy_sleep.o)
 .data          0x00000000000427ac        0x0 ../NIOS_APP_bsp/\libhal_bsp.a(alt_close.o)
 .data          0x00000000000427ac        0x0 ../NIOS_APP_bsp/\libhal_bsp.a(alt_dcache_flush_all.o)
 .data          0x00000000000427ac      0x1a8 ../NIOS_APP_bsp/\libhal_bsp.a(alt_dev.o)
                0x00000000000427ac                alt_dev_null
                0x00000000000427d4                alt_fd_list
 .data          0x0000000000042954        0x0 ../NIOS_APP_bsp/\libhal_bsp.a(alt_dev_llist_insert.o)
 .data          0x0000000000042954        0x0 ../NIOS_APP_bsp/\libhal_bsp.a(alt_do_ctors.o)
 .data          0x0000000000042954        0x0 ../NIOS_APP_bsp/\libhal_bsp.a(alt_do_dtors.o)
 .data          0x0000000000042954        0x0 ../NIOS_APP_bsp/\libhal_bsp.a(alt_errno.o)
 .data          0x0000000000042954        0x0 ../NIOS_APP_bsp/\libhal_bsp.a(alt_icache_flush_all.o)
 .data          0x0000000000042954        0x0 ../NIOS_APP_bsp/\libhal_bsp.a(alt_iic.o)
 .data          0x0000000000042954        0x0 ../NIOS_APP_bsp/\libhal_bsp.a(alt_iic_isr_register.o)
 .data          0x0000000000042954        0x0 ../NIOS_APP_bsp/\libhal_bsp.a(alt_io_redirect.o)
 .data          0x0000000000042954        0x0 ../NIOS_APP_bsp/\libhal_bsp.a(alt_irq_entry.o)
 .data          0x0000000000042954        0x0 ../NIOS_APP_bsp/\libhal_bsp.a(alt_irq_handler.o)
 .data          0x0000000000042954        0x0 ../NIOS_APP_bsp/\libhal_bsp.a(alt_irq_vars.o)
 .data          0x0000000000042954        0x0 ../NIOS_APP_bsp/\libhal_bsp.a(alt_open.o)
 .data          0x0000000000042954        0x0 ../NIOS_APP_bsp/\libhal_bsp.a(alt_release_fd.o)
 .data          0x0000000000042954        0x0 ../NIOS_APP_bsp/\libhal_bsp.a(alt_tick.o)
 .data          0x0000000000042954        0x0 ../NIOS_APP_bsp/\libhal_bsp.a(altera_nios2_gen2_irq.o)
 .data          0x0000000000042954        0x0 ../NIOS_APP_bsp/\libhal_bsp.a(alt_exception_entry.o)
 .data          0x0000000000042954        0x0 ../NIOS_APP_bsp/\libhal_bsp.a(alt_find_dev.o)
 .data          0x0000000000042954        0x0 ../NIOS_APP_bsp/\libhal_bsp.a(alt_find_file.o)
 .data          0x0000000000042954        0x0 ../NIOS_APP_bsp/\libhal_bsp.a(alt_get_fd.o)
 .data          0x0000000000042954        0x0 ../NIOS_APP_bsp/\libhal_bsp.a(alt_icache_flush.o)
 .data          0x0000000000042954        0x0 ../NIOS_APP_bsp/\libhal_bsp.a(alt_instruction_exception_entry.o)
 .data          0x0000000000042954        0x0 d:/intelfpga/16.1/nios2eds/bin/gnu/h-x86_64-mingw32/bin/../lib/gcc/nios2-elf/5.3.0/../../../../../H-x86_64-mingw32/nios2-elf/lib\libsmallc.a(lib_a-atexit.o)
 .data          0x0000000000042954        0x0 d:/intelfpga/16.1/nios2eds/bin/gnu/h-x86_64-mingw32/bin/../lib/gcc/nios2-elf/5.3.0/../../../../../H-x86_64-mingw32/nios2-elf/lib\libsmallc.a(lib_a-exit.o)
 .data          0x0000000000042954        0x0 d:/intelfpga/16.1/nios2eds/bin/gnu/h-x86_64-mingw32/bin/../lib/gcc/nios2-elf/5.3.0/../../../../../H-x86_64-mingw32/nios2-elf/lib\libsmallc.a(lib_a-memcmp.o)
 .data          0x0000000000042954        0x0 d:/intelfpga/16.1/nios2eds/bin/gnu/h-x86_64-mingw32/bin/../lib/gcc/nios2-elf/5.3.0/../../../../../H-x86_64-mingw32/nios2-elf/lib\libsmallc.a(lib_a-__atexit.o)
 .data          0x0000000000042954        0x0 d:/intelfpga/16.1/nios2eds/bin/gnu/h-x86_64-mingw32/bin/../lib/gcc/nios2-elf/5.3.0/../../../../../H-x86_64-mingw32/nios2-elf/lib\libsmallc.a(lib_a-__call_atexit.o)
 .data          0x0000000000042954        0x0 d:/intelfpga/16.1/nios2eds/bin/gnu/h-x86_64-mingw32/bin/../lib/gcc/nios2-elf/5.3.0\libgcc.a(lib2-divmod.o)
 .data          0x0000000000042954        0x0 ../NIOS_APP_bsp/\libhal_bsp.a(alt_exit.o)
                0x000000000004a954                _gp = ABSOLUTE ((. + 0x8000))
                [!provide]                        PROVIDE (gp, _gp)
 *(.rwdata .rwdata.*)
 *(.sdata .sdata.* .gnu.linkonce.s.*)
 .sdata._global_impure_ptr
                0x0000000000042954        0x4 d:/intelfpga/16.1/nios2eds/bin/gnu/h-x86_64-mingw32/bin/../lib/gcc/nios2-elf/5.3.0/../../../../../H-x86_64-mingw32/nios2-elf/lib\libsmallc.a(lib_a-impure.o)
                0x0000000000042954                _global_impure_ptr
 .sdata._impure_ptr
                0x0000000000042958        0x4 d:/intelfpga/16.1/nios2eds/bin/gnu/h-x86_64-mingw32/bin/../lib/gcc/nios2-elf/5.3.0/../../../../../H-x86_64-mingw32/nios2-elf/lib\libsmallc.a(lib_a-impure.o)
                0x0000000000042958                _impure_ptr
 .sdata         0x000000000004295c       0x14 ../NIOS_APP_bsp/\libhal_bsp.a(alt_dev.o)
                0x000000000004295c                alt_fs_list
                0x0000000000042964                alt_dev_list
                0x000000000004296c                alt_max_fd
 .sdata         0x0000000000042970        0x4 ../NIOS_APP_bsp/\libhal_bsp.a(alt_errno.o)
                0x0000000000042970                alt_errno
 .sdata         0x0000000000042974        0x4 ../NIOS_APP_bsp/\libhal_bsp.a(alt_irq_vars.o)
                0x0000000000042974                alt_priority_mask
 .sdata         0x0000000000042978        0x8 ../NIOS_APP_bsp/\libhal_bsp.a(alt_tick.o)
                0x0000000000042978                alt_alarm_list
 *(.sdata2 .sdata2.* .gnu.linkonce.s2.*)
                0x0000000000042980                . = ALIGN (0x4)
                0x0000000000042980                _edata = ABSOLUTE (.)
                [!provide]                        PROVIDE (edata, ABSOLUTE (.))
                0x0000000000042980                PROVIDE (__ram_rwdata_end, ABSOLUTE (.))
                0x0000000000042980                PROVIDE (__flash_rwdata_start, LOADADDR (.rwdata))

.bss            0x0000000000042c60      0x120
                0x0000000000042c60                __bss_start = ABSOLUTE (.)
                [!provide]                        PROVIDE (__sbss_start, ABSOLUTE (.))
                [!provide]                        PROVIDE (___sbss_start, ABSOLUTE (.))
 *(.dynsbss)
 *(.sbss .sbss.* .gnu.linkonce.sb.*)
 .sbss          0x0000000000042c60        0x4 d:/intelfpga/16.1/nios2eds/bin/gnu/h-x86_64-mingw32/bin/../lib/gcc/nios2-elf/5.3.0/../../../../../H-x86_64-mingw32/nios2-elf/lib\libsmallc.a(lib_a-int_errno.o)
                0x0000000000042c60                errno
 .sbss          0x0000000000042c64        0xc ../NIOS_APP_bsp/\libhal_bsp.a(alt_main.o)
                0x0000000000042c64                alt_argc
                0x0000000000042c68                alt_argv
                0x0000000000042c6c                alt_envp
 .sbss          0x0000000000042c70        0x4 ../NIOS_APP_bsp/\libhal_bsp.a(alt_irq_vars.o)
                0x0000000000042c70                alt_irq_active
 .sbss          0x0000000000042c74        0x8 ../NIOS_APP_bsp/\libhal_bsp.a(alt_tick.o)
                0x0000000000042c74                _alt_tick_rate
                0x0000000000042c78                _alt_nticks
 .sbss          0x0000000000042c7c        0x4 ../NIOS_APP_bsp/\libhal_bsp.a(alt_instruction_exception_entry.o)
                0x0000000000042c7c                alt_instruction_exception_handler
 *(.sbss2 .sbss2.* .gnu.linkonce.sb2.*)
 *(.scommon)
                [!provide]                        PROVIDE (__sbss_end, ABSOLUTE (.))
                [!provide]                        PROVIDE (___sbss_end, ABSOLUTE (.))
 *(.dynbss)
 *(.bss .bss.* .gnu.linkonce.b.*)
 .bss           0x0000000000042c80        0x0 ../NIOS_APP_bsp//obj/HAL/src/crt0.o
 .bss           0x0000000000042c80        0x0 obj/default/main.o
 .bss           0x0000000000042c80        0x0 d:/intelfpga/16.1/nios2eds/bin/gnu/h-x86_64-mingw32/bin/../lib/gcc/nios2-elf/5.3.0/../../../../../H-x86_64-mingw32/nios2-elf/lib\libsmallc.a(lib_a-puts.o)
 .bss           0x0000000000042c80        0x0 d:/intelfpga/16.1/nios2eds/bin/gnu/h-x86_64-mingw32/bin/../lib/gcc/nios2-elf/5.3.0/../../../../../H-x86_64-mingw32/nios2-elf/lib\libsmallc.a(lib_a-strlen.o)
 .bss           0x0000000000042c80        0x0 d:/intelfpga/16.1/nios2eds/bin/gnu/h-x86_64-mingw32/bin/../lib/gcc/nios2-elf/5.3.0/../../../../../H-x86_64-mingw32/nios2-elf/lib\libsmallc.a(lib_a-fvwrite_small_dev.o)
 .bss           0x0000000000042c80        0x0 d:/intelfpga/16.1/nios2eds/bin/gnu/h-x86_64-mingw32/bin/../lib/gcc/nios2-elf/5.3.0/../../../../../H-x86_64-mingw32/nios2-elf/lib\libsmallc.a(lib_a-impure.o)
 .bss           0x0000000000042c80        0x0 d:/intelfpga/16.1/nios2eds/bin/gnu/h-x86_64-mingw32/bin/../lib/gcc/nios2-elf/5.3.0/../../../../../H-x86_64-mingw32/nios2-elf/lib\libsmallc.a(lib_a-writer.o)
 .bss           0x0000000000042c80        0x0 d:/intelfpga/16.1/nios2eds/bin/gnu/h-x86_64-mingw32/bin/../lib/gcc/nios2-elf/5.3.0/../../../../../H-x86_64-mingw32/nios2-elf/lib\libsmallc.a(lib_a-int_errno.o)
 .bss           0x0000000000042c80        0x0 ../NIOS_APP_bsp/\libhal_bsp.a(alt_load.o)
 .bss           0x0000000000042c80        0x0 ../NIOS_APP_bsp/\libhal_bsp.a(alt_main.o)
 .bss           0x0000000000042c80        0x0 ../NIOS_APP_bsp/\libhal_bsp.a(alt_usleep.o)
 .bss           0x0000000000042c80        0x0 ../NIOS_APP_bsp/\libhal_bsp.a(alt_write.o)
 .bss           0x0000000000042c80        0x0 ../NIOS_APP_bsp/\libhal_bsp.a(alt_sys_init.o)
 .bss           0x0000000000042c80        0x0 ../NIOS_APP_bsp/\libhal_bsp.a(altera_avalon_jtag_uart_fd.o)
 .bss           0x0000000000042c80        0x0 ../NIOS_APP_bsp/\libhal_bsp.a(altera_avalon_jtag_uart_read.o)
 .bss           0x0000000000042c80        0x0 ../NIOS_APP_bsp/\libhal_bsp.a(altera_avalon_jtag_uart_write.o)
 .bss           0x0000000000042c80        0x0 ../NIOS_APP_bsp/\libhal_bsp.a(altera_avalon_timer_sc.o)
 .bss           0x0000000000042c80        0x0 ../NIOS_APP_bsp/\libhal_bsp.a(alt_busy_sleep.o)
 .bss           0x0000000000042c80        0x0 ../NIOS_APP_bsp/\libhal_bsp.a(alt_close.o)
 .bss           0x0000000000042c80        0x0 ../NIOS_APP_bsp/\libhal_bsp.a(alt_dcache_flush_all.o)
 .bss           0x0000000000042c80        0x0 ../NIOS_APP_bsp/\libhal_bsp.a(alt_dev.o)
 .bss           0x0000000000042c80        0x0 ../NIOS_APP_bsp/\libhal_bsp.a(alt_dev_llist_insert.o)
 .bss           0x0000000000042c80        0x0 ../NIOS_APP_bsp/\libhal_bsp.a(alt_do_ctors.o)
 .bss           0x0000000000042c80        0x0 ../NIOS_APP_bsp/\libhal_bsp.a(alt_do_dtors.o)
 .bss           0x0000000000042c80        0x0 ../NIOS_APP_bsp/\libhal_bsp.a(alt_errno.o)
 .bss           0x0000000000042c80        0x0 ../NIOS_APP_bsp/\libhal_bsp.a(alt_icache_flush_all.o)
 .bss           0x0000000000042c80        0x0 ../NIOS_APP_bsp/\libhal_bsp.a(alt_iic.o)
 .bss           0x0000000000042c80        0x0 ../NIOS_APP_bsp/\libhal_bsp.a(alt_iic_isr_register.o)
 .bss           0x0000000000042c80        0x0 ../NIOS_APP_bsp/\libhal_bsp.a(alt_io_redirect.o)
 .bss           0x0000000000042c80        0x0 ../NIOS_APP_bsp/\libhal_bsp.a(alt_irq_entry.o)
 .bss           0x0000000000042c80        0x0 ../NIOS_APP_bsp/\libhal_bsp.a(alt_irq_handler.o)
 .bss           0x0000000000042c80        0x0 ../NIOS_APP_bsp/\libhal_bsp.a(alt_irq_vars.o)
 .bss           0x0000000000042c80        0x0 ../NIOS_APP_bsp/\libhal_bsp.a(alt_open.o)
 .bss           0x0000000000042c80        0x0 ../NIOS_APP_bsp/\libhal_bsp.a(alt_release_fd.o)
 .bss           0x0000000000042c80        0x0 ../NIOS_APP_bsp/\libhal_bsp.a(alt_tick.o)
 .bss           0x0000000000042c80        0x0 ../NIOS_APP_bsp/\libhal_bsp.a(altera_nios2_gen2_irq.o)
 .bss           0x0000000000042c80        0x0 ../NIOS_APP_bsp/\libhal_bsp.a(alt_exception_entry.o)
 .bss           0x0000000000042c80        0x0 ../NIOS_APP_bsp/\libhal_bsp.a(alt_find_dev.o)
 .bss           0x0000000000042c80        0x0 ../NIOS_APP_bsp/\libhal_bsp.a(alt_find_file.o)
 .bss           0x0000000000042c80        0x0 ../NIOS_APP_bsp/\libhal_bsp.a(alt_get_fd.o)
 .bss           0x0000000000042c80        0x0 ../NIOS_APP_bsp/\libhal_bsp.a(alt_icache_flush.o)
 .bss           0x0000000000042c80        0x0 ../NIOS_APP_bsp/\libhal_bsp.a(alt_instruction_exception_entry.o)
 .bss           0x0000000000042c80        0x0 d:/intelfpga/16.1/nios2eds/bin/gnu/h-x86_64-mingw32/bin/../lib/gcc/nios2-elf/5.3.0/../../../../../H-x86_64-mingw32/nios2-elf/lib\libsmallc.a(lib_a-atexit.o)
 .bss           0x0000000000042c80        0x0 d:/intelfpga/16.1/nios2eds/bin/gnu/h-x86_64-mingw32/bin/../lib/gcc/nios2-elf/5.3.0/../../../../../H-x86_64-mingw32/nios2-elf/lib\libsmallc.a(lib_a-exit.o)
 .bss           0x0000000000042c80        0x0 d:/intelfpga/16.1/nios2eds/bin/gnu/h-x86_64-mingw32/bin/../lib/gcc/nios2-elf/5.3.0/../../../../../H-x86_64-mingw32/nios2-elf/lib\libsmallc.a(lib_a-memcmp.o)
 .bss           0x0000000000042c80        0x0 d:/intelfpga/16.1/nios2eds/bin/gnu/h-x86_64-mingw32/bin/../lib/gcc/nios2-elf/5.3.0/../../../../../H-x86_64-mingw32/nios2-elf/lib\libsmallc.a(lib_a-__atexit.o)
 .bss           0x0000000000042c80        0x0 d:/intelfpga/16.1/nios2eds/bin/gnu/h-x86_64-mingw32/bin/../lib/gcc/nios2-elf/5.3.0/../../../../../H-x86_64-mingw32/nios2-elf/lib\libsmallc.a(lib_a-__call_atexit.o)
 .bss           0x0000000000042c80        0x0 d:/intelfpga/16.1/nios2eds/bin/gnu/h-x86_64-mingw32/bin/../lib/gcc/nios2-elf/5.3.0\libgcc.a(lib2-divmod.o)
 .bss           0x0000000000042c80        0x0 ../NIOS_APP_bsp/\libhal_bsp.a(alt_exit.o)
 *(COMMON)
 COMMON         0x0000000000042c80      0x100 ../NIOS_APP_bsp/\libhal_bsp.a(alt_irq_handler.o)
                0x0000000000042c80                alt_irq
                0x0000000000042d80                . = ALIGN (0x4)
                0x0000000000042d80                __bss_end = ABSOLUTE (.)

.onchip_memory2
                0x0000000000042d80        0x0
                [!provide]                        PROVIDE (_alt_partition_onchip_memory2_start, ABSOLUTE (.))
 *(.onchip_memory2 .onchip_memory2. onchip_memory2.*)
                0x0000000000042d80                . = ALIGN (0x4)
                [!provide]                        PROVIDE (_alt_partition_onchip_memory2_end, ABSOLUTE (.))
                0x0000000000042d80                _end = ABSOLUTE (.)
                0x0000000000042d80                end = ABSOLUTE (.)
                0x0000000000042d80                __alt_stack_base = ABSOLUTE (.)
                [!provide]                        PROVIDE (_alt_partition_onchip_memory2_load_addr, LOADADDR (.onchip_memory2))

.stab
 *(.stab)

.stabstr
 *(.stabstr)

.stab.excl
 *(.stab.excl)

.stab.exclstr
 *(.stab.exclstr)

.stab.index
 *(.stab.index)

.stab.indexstr
 *(.stab.indexstr)

.comment        0x0000000000000000       0x23
 *(.comment)
 .comment       0x0000000000000000       0x23 obj/default/main.o
                                         0x24 (size before relaxing)
 .comment       0x0000000000000023       0x24 d:/intelfpga/16.1/nios2eds/bin/gnu/h-x86_64-mingw32/bin/../lib/gcc/nios2-elf/5.3.0/../../../../../H-x86_64-mingw32/nios2-elf/lib\libsmallc.a(lib_a-puts.o)
 .comment       0x0000000000000023       0x24 d:/intelfpga/16.1/nios2eds/bin/gnu/h-x86_64-mingw32/bin/../lib/gcc/nios2-elf/5.3.0/../../../../../H-x86_64-mingw32/nios2-elf/lib\libsmallc.a(lib_a-strlen.o)
 .comment       0x0000000000000023       0x24 d:/intelfpga/16.1/nios2eds/bin/gnu/h-x86_64-mingw32/bin/../lib/gcc/nios2-elf/5.3.0/../../../../../H-x86_64-mingw32/nios2-elf/lib\libsmallc.a(lib_a-fvwrite_small_dev.o)
 .comment       0x0000000000000023       0x24 d:/intelfpga/16.1/nios2eds/bin/gnu/h-x86_64-mingw32/bin/../lib/gcc/nios2-elf/5.3.0/../../../../../H-x86_64-mingw32/nios2-elf/lib\libsmallc.a(lib_a-impure.o)
 .comment       0x0000000000000023       0x24 d:/intelfpga/16.1/nios2eds/bin/gnu/h-x86_64-mingw32/bin/../lib/gcc/nios2-elf/5.3.0/../../../../../H-x86_64-mingw32/nios2-elf/lib\libsmallc.a(lib_a-writer.o)
 .comment       0x0000000000000023       0x24 d:/intelfpga/16.1/nios2eds/bin/gnu/h-x86_64-mingw32/bin/../lib/gcc/nios2-elf/5.3.0/../../../../../H-x86_64-mingw32/nios2-elf/lib\libsmallc.a(lib_a-int_errno.o)
 .comment       0x0000000000000023       0x24 ../NIOS_APP_bsp/\libhal_bsp.a(alt_load.o)
 .comment       0x0000000000000023       0x24 ../NIOS_APP_bsp/\libhal_bsp.a(alt_main.o)
 .comment       0x0000000000000023       0x24 ../NIOS_APP_bsp/\libhal_bsp.a(alt_usleep.o)
 .comment       0x0000000000000023       0x24 ../NIOS_APP_bsp/\libhal_bsp.a(alt_write.o)
 .comment       0x0000000000000023       0x24 ../NIOS_APP_bsp/\libhal_bsp.a(alt_sys_init.o)
 .comment       0x0000000000000023       0x24 ../NIOS_APP_bsp/\libhal_bsp.a(altera_avalon_jtag_uart_fd.o)
 .comment       0x0000000000000023       0x24 ../NIOS_APP_bsp/\libhal_bsp.a(altera_avalon_jtag_uart_read.o)
 .comment       0x0000000000000023       0x24 ../NIOS_APP_bsp/\libhal_bsp.a(altera_avalon_jtag_uart_write.o)
 .comment       0x0000000000000023       0x24 ../NIOS_APP_bsp/\libhal_bsp.a(altera_avalon_timer_sc.o)
 .comment       0x0000000000000023       0x24 ../NIOS_APP_bsp/\libhal_bsp.a(alt_busy_sleep.o)
 .comment       0x0000000000000023       0x24 ../NIOS_APP_bsp/\libhal_bsp.a(alt_close.o)
 .comment       0x0000000000000023       0x24 ../NIOS_APP_bsp/\libhal_bsp.a(alt_dcache_flush_all.o)
 .comment       0x0000000000000023       0x24 ../NIOS_APP_bsp/\libhal_bsp.a(alt_dev.o)
 .comment       0x0000000000000023       0x24 ../NIOS_APP_bsp/\libhal_bsp.a(alt_dev_llist_insert.o)
 .comment       0x0000000000000023       0x24 ../NIOS_APP_bsp/\libhal_bsp.a(alt_do_ctors.o)
 .comment       0x0000000000000023       0x24 ../NIOS_APP_bsp/\libhal_bsp.a(alt_do_dtors.o)
 .comment       0x0000000000000023       0x24 ../NIOS_APP_bsp/\libhal_bsp.a(alt_errno.o)
 .comment       0x0000000000000023       0x24 ../NIOS_APP_bsp/\libhal_bsp.a(alt_icache_flush_all.o)
 .comment       0x0000000000000023       0x24 ../NIOS_APP_bsp/\libhal_bsp.a(alt_iic.o)
 .comment       0x0000000000000023       0x24 ../NIOS_APP_bsp/\libhal_bsp.a(alt_iic_isr_register.o)
 .comment       0x0000000000000023       0x24 ../NIOS_APP_bsp/\libhal_bsp.a(alt_io_redirect.o)
 .comment       0x0000000000000023       0x24 ../NIOS_APP_bsp/\libhal_bsp.a(alt_irq_handler.o)
 .comment       0x0000000000000023       0x24 ../NIOS_APP_bsp/\libhal_bsp.a(alt_irq_vars.o)
 .comment       0x0000000000000023       0x24 ../NIOS_APP_bsp/\libhal_bsp.a(alt_open.o)
 .comment       0x0000000000000023       0x24 ../NIOS_APP_bsp/\libhal_bsp.a(alt_release_fd.o)
 .comment       0x0000000000000023       0x24 ../NIOS_APP_bsp/\libhal_bsp.a(alt_tick.o)
 .comment       0x0000000000000023       0x24 ../NIOS_APP_bsp/\libhal_bsp.a(altera_nios2_gen2_irq.o)
 .comment       0x0000000000000023       0x24 ../NIOS_APP_bsp/\libhal_bsp.a(alt_find_dev.o)
 .comment       0x0000000000000023       0x24 ../NIOS_APP_bsp/\libhal_bsp.a(alt_find_file.o)
 .comment       0x0000000000000023       0x24 ../NIOS_APP_bsp/\libhal_bsp.a(alt_get_fd.o)
 .comment       0x0000000000000023       0x24 ../NIOS_APP_bsp/\libhal_bsp.a(alt_icache_flush.o)
 .comment       0x0000000000000023       0x24 ../NIOS_APP_bsp/\libhal_bsp.a(alt_instruction_exception_entry.o)
 .comment       0x0000000000000023       0x24 d:/intelfpga/16.1/nios2eds/bin/gnu/h-x86_64-mingw32/bin/../lib/gcc/nios2-elf/5.3.0/../../../../../H-x86_64-mingw32/nios2-elf/lib\libsmallc.a(lib_a-atexit.o)
 .comment       0x0000000000000023       0x24 d:/intelfpga/16.1/nios2eds/bin/gnu/h-x86_64-mingw32/bin/../lib/gcc/nios2-elf/5.3.0/../../../../../H-x86_64-mingw32/nios2-elf/lib\libsmallc.a(lib_a-exit.o)
 .comment       0x0000000000000023       0x24 d:/intelfpga/16.1/nios2eds/bin/gnu/h-x86_64-mingw32/bin/../lib/gcc/nios2-elf/5.3.0/../../../../../H-x86_64-mingw32/nios2-elf/lib\libsmallc.a(lib_a-memcmp.o)
 .comment       0x0000000000000023       0x24 d:/intelfpga/16.1/nios2eds/bin/gnu/h-x86_64-mingw32/bin/../lib/gcc/nios2-elf/5.3.0/../../../../../H-x86_64-mingw32/nios2-elf/lib\libsmallc.a(lib_a-__atexit.o)
 .comment       0x0000000000000023       0x24 d:/intelfpga/16.1/nios2eds/bin/gnu/h-x86_64-mingw32/bin/../lib/gcc/nios2-elf/5.3.0/../../../../../H-x86_64-mingw32/nios2-elf/lib\libsmallc.a(lib_a-__call_atexit.o)
 .comment       0x0000000000000023       0x24 d:/intelfpga/16.1/nios2eds/bin/gnu/h-x86_64-mingw32/bin/../lib/gcc/nios2-elf/5.3.0\libgcc.a(lib2-divmod.o)
 .comment       0x0000000000000023       0x24 ../NIOS_APP_bsp/\libhal_bsp.a(alt_exit.o)

.debug
 *(.debug)

.line
 *(.line)

.debug_srcinfo
 *(.debug_srcinfo)

.debug_sfnames
 *(.debug_sfnames)

.debug_aranges  0x0000000000000000      0x640
 *(.debug_aranges)
 .debug_aranges
                0x0000000000000000       0x28 ../NIOS_APP_bsp//obj/HAL/src/crt0.o
 .debug_aranges
                0x0000000000000028       0x20 obj/default/main.o
 .debug_aranges
                0x0000000000000048       0x28 d:/intelfpga/16.1/nios2eds/bin/gnu/h-x86_64-mingw32/bin/../lib/gcc/nios2-elf/5.3.0/../../../../../H-x86_64-mingw32/nios2-elf/lib\libsmallc.a(lib_a-puts.o)
 .debug_aranges
                0x0000000000000070       0x20 d:/intelfpga/16.1/nios2eds/bin/gnu/h-x86_64-mingw32/bin/../lib/gcc/nios2-elf/5.3.0/../../../../../H-x86_64-mingw32/nios2-elf/lib\libsmallc.a(lib_a-strlen.o)
 .debug_aranges
                0x0000000000000090       0x20 d:/intelfpga/16.1/nios2eds/bin/gnu/h-x86_64-mingw32/bin/../lib/gcc/nios2-elf/5.3.0/../../../../../H-x86_64-mingw32/nios2-elf/lib\libsmallc.a(lib_a-fvwrite_small_dev.o)
 .debug_aranges
                0x00000000000000b0       0x18 d:/intelfpga/16.1/nios2eds/bin/gnu/h-x86_64-mingw32/bin/../lib/gcc/nios2-elf/5.3.0/../../../../../H-x86_64-mingw32/nios2-elf/lib\libsmallc.a(lib_a-impure.o)
 .debug_aranges
                0x00000000000000c8       0x20 d:/intelfpga/16.1/nios2eds/bin/gnu/h-x86_64-mingw32/bin/../lib/gcc/nios2-elf/5.3.0/../../../../../H-x86_64-mingw32/nios2-elf/lib\libsmallc.a(lib_a-writer.o)
 .debug_aranges
                0x00000000000000e8       0x18 d:/intelfpga/16.1/nios2eds/bin/gnu/h-x86_64-mingw32/bin/../lib/gcc/nios2-elf/5.3.0/../../../../../H-x86_64-mingw32/nios2-elf/lib\libsmallc.a(lib_a-int_errno.o)
 .debug_aranges
                0x0000000000000100       0x20 ../NIOS_APP_bsp/\libhal_bsp.a(alt_load.o)
 .debug_aranges
                0x0000000000000120       0x20 ../NIOS_APP_bsp/\libhal_bsp.a(alt_main.o)
 .debug_aranges
                0x0000000000000140       0x20 ../NIOS_APP_bsp/\libhal_bsp.a(alt_usleep.o)
 .debug_aranges
                0x0000000000000160       0x20 ../NIOS_APP_bsp/\libhal_bsp.a(alt_write.o)
 .debug_aranges
                0x0000000000000180       0x20 ../NIOS_APP_bsp/\libhal_bsp.a(alt_sys_init.o)
 .debug_aranges
                0x00000000000001a0       0x20 ../NIOS_APP_bsp/\libhal_bsp.a(altera_avalon_jtag_uart_fd.o)
 .debug_aranges
                0x00000000000001c0       0x20 ../NIOS_APP_bsp/\libhal_bsp.a(altera_avalon_jtag_uart_read.o)
 .debug_aranges
                0x00000000000001e0       0x20 ../NIOS_APP_bsp/\libhal_bsp.a(altera_avalon_jtag_uart_write.o)
 .debug_aranges
                0x0000000000000200       0x20 ../NIOS_APP_bsp/\libhal_bsp.a(altera_avalon_timer_sc.o)
 .debug_aranges
                0x0000000000000220       0x20 ../NIOS_APP_bsp/\libhal_bsp.a(alt_busy_sleep.o)
 .debug_aranges
                0x0000000000000240       0x20 ../NIOS_APP_bsp/\libhal_bsp.a(alt_close.o)
 .debug_aranges
                0x0000000000000260       0x20 ../NIOS_APP_bsp/\libhal_bsp.a(alt_dcache_flush_all.o)
 .debug_aranges
                0x0000000000000280       0x20 ../NIOS_APP_bsp/\libhal_bsp.a(alt_dev.o)
 .debug_aranges
                0x00000000000002a0       0x20 ../NIOS_APP_bsp/\libhal_bsp.a(alt_dev_llist_insert.o)
 .debug_aranges
                0x00000000000002c0       0x20 ../NIOS_APP_bsp/\libhal_bsp.a(alt_do_ctors.o)
 .debug_aranges
                0x00000000000002e0       0x20 ../NIOS_APP_bsp/\libhal_bsp.a(alt_do_dtors.o)
 .debug_aranges
                0x0000000000000300       0x18 ../NIOS_APP_bsp/\libhal_bsp.a(alt_errno.o)
 .debug_aranges
                0x0000000000000318       0x20 ../NIOS_APP_bsp/\libhal_bsp.a(alt_icache_flush_all.o)
 .debug_aranges
                0x0000000000000338       0x20 ../NIOS_APP_bsp/\libhal_bsp.a(alt_iic.o)
 .debug_aranges
                0x0000000000000358       0x20 ../NIOS_APP_bsp/\libhal_bsp.a(alt_iic_isr_register.o)
 .debug_aranges
                0x0000000000000378       0x20 ../NIOS_APP_bsp/\libhal_bsp.a(alt_io_redirect.o)
 .debug_aranges
                0x0000000000000398       0x30 ../NIOS_APP_bsp/\libhal_bsp.a(alt_irq_entry.o)
 .debug_aranges
                0x00000000000003c8       0x20 ../NIOS_APP_bsp/\libhal_bsp.a(alt_irq_handler.o)
 .debug_aranges
                0x00000000000003e8       0x18 ../NIOS_APP_bsp/\libhal_bsp.a(alt_irq_vars.o)
 .debug_aranges
                0x0000000000000400       0x20 ../NIOS_APP_bsp/\libhal_bsp.a(alt_open.o)
 .debug_aranges
                0x0000000000000420       0x20 ../NIOS_APP_bsp/\libhal_bsp.a(alt_release_fd.o)
 .debug_aranges
                0x0000000000000440       0x20 ../NIOS_APP_bsp/\libhal_bsp.a(alt_tick.o)
 .debug_aranges
                0x0000000000000460       0x20 ../NIOS_APP_bsp/\libhal_bsp.a(altera_nios2_gen2_irq.o)
 .debug_aranges
                0x0000000000000480       0x38 ../NIOS_APP_bsp/\libhal_bsp.a(alt_exception_entry.o)
 .debug_aranges
                0x00000000000004b8       0x20 ../NIOS_APP_bsp/\libhal_bsp.a(alt_find_dev.o)
 .debug_aranges
                0x00000000000004d8       0x20 ../NIOS_APP_bsp/\libhal_bsp.a(alt_find_file.o)
 .debug_aranges
                0x00000000000004f8       0x20 ../NIOS_APP_bsp/\libhal_bsp.a(alt_get_fd.o)
 .debug_aranges
                0x0000000000000518       0x20 ../NIOS_APP_bsp/\libhal_bsp.a(alt_icache_flush.o)
 .debug_aranges
                0x0000000000000538       0x28 ../NIOS_APP_bsp/\libhal_bsp.a(alt_instruction_exception_entry.o)
 .debug_aranges
                0x0000000000000560       0x20 d:/intelfpga/16.1/nios2eds/bin/gnu/h-x86_64-mingw32/bin/../lib/gcc/nios2-elf/5.3.0/../../../../../H-x86_64-mingw32/nios2-elf/lib\libsmallc.a(lib_a-atexit.o)
 .debug_aranges
                0x0000000000000580       0x20 d:/intelfpga/16.1/nios2eds/bin/gnu/h-x86_64-mingw32/bin/../lib/gcc/nios2-elf/5.3.0/../../../../../H-x86_64-mingw32/nios2-elf/lib\libsmallc.a(lib_a-exit.o)
 .debug_aranges
                0x00000000000005a0       0x20 d:/intelfpga/16.1/nios2eds/bin/gnu/h-x86_64-mingw32/bin/../lib/gcc/nios2-elf/5.3.0/../../../../../H-x86_64-mingw32/nios2-elf/lib\libsmallc.a(lib_a-memcmp.o)
 .debug_aranges
                0x00000000000005c0       0x20 d:/intelfpga/16.1/nios2eds/bin/gnu/h-x86_64-mingw32/bin/../lib/gcc/nios2-elf/5.3.0/../../../../../H-x86_64-mingw32/nios2-elf/lib\libsmallc.a(lib_a-__atexit.o)
 .debug_aranges
                0x00000000000005e0       0x20 d:/intelfpga/16.1/nios2eds/bin/gnu/h-x86_64-mingw32/bin/../lib/gcc/nios2-elf/5.3.0/../../../../../H-x86_64-mingw32/nios2-elf/lib\libsmallc.a(lib_a-__call_atexit.o)
 .debug_aranges
                0x0000000000000600       0x20 d:/intelfpga/16.1/nios2eds/bin/gnu/h-x86_64-mingw32/bin/../lib/gcc/nios2-elf/5.3.0\libgcc.a(lib2-divmod.o)
 .debug_aranges
                0x0000000000000620       0x20 ../NIOS_APP_bsp/\libhal_bsp.a(alt_exit.o)

.debug_pubnames
 *(.debug_pubnames)

.debug_info     0x0000000000000000     0x7442
 *(.debug_info .gnu.linkonce.wi.*)
 .debug_info    0x0000000000000000       0x98 ../NIOS_APP_bsp//obj/HAL/src/crt0.o
 .debug_info    0x0000000000000098      0x235 obj/default/main.o
 .debug_info    0x00000000000002cd      0x66d d:/intelfpga/16.1/nios2eds/bin/gnu/h-x86_64-mingw32/bin/../lib/gcc/nios2-elf/5.3.0/../../../../../H-x86_64-mingw32/nios2-elf/lib\libsmallc.a(lib_a-puts.o)
 .debug_info    0x000000000000093a       0xc9 d:/intelfpga/16.1/nios2eds/bin/gnu/h-x86_64-mingw32/bin/../lib/gcc/nios2-elf/5.3.0/../../../../../H-x86_64-mingw32/nios2-elf/lib\libsmallc.a(lib_a-strlen.o)
 .debug_info    0x0000000000000a03      0x62b d:/intelfpga/16.1/nios2eds/bin/gnu/h-x86_64-mingw32/bin/../lib/gcc/nios2-elf/5.3.0/../../../../../H-x86_64-mingw32/nios2-elf/lib\libsmallc.a(lib_a-fvwrite_small_dev.o)
 .debug_info    0x000000000000102e      0x5a9 d:/intelfpga/16.1/nios2eds/bin/gnu/h-x86_64-mingw32/bin/../lib/gcc/nios2-elf/5.3.0/../../../../../H-x86_64-mingw32/nios2-elf/lib\libsmallc.a(lib_a-impure.o)
 .debug_info    0x00000000000015d7      0x630 d:/intelfpga/16.1/nios2eds/bin/gnu/h-x86_64-mingw32/bin/../lib/gcc/nios2-elf/5.3.0/../../../../../H-x86_64-mingw32/nios2-elf/lib\libsmallc.a(lib_a-writer.o)
 .debug_info    0x0000000000001c07       0x8a d:/intelfpga/16.1/nios2eds/bin/gnu/h-x86_64-mingw32/bin/../lib/gcc/nios2-elf/5.3.0/../../../../../H-x86_64-mingw32/nios2-elf/lib\libsmallc.a(lib_a-int_errno.o)
 .debug_info    0x0000000000001c91      0x145 ../NIOS_APP_bsp/\libhal_bsp.a(alt_load.o)
 .debug_info    0x0000000000001dd6      0x131 ../NIOS_APP_bsp/\libhal_bsp.a(alt_main.o)
 .debug_info    0x0000000000001f07       0xb0 ../NIOS_APP_bsp/\libhal_bsp.a(alt_usleep.o)
 .debug_info    0x0000000000001fb7      0x4b7 ../NIOS_APP_bsp/\libhal_bsp.a(alt_write.o)
 .debug_info    0x000000000000246e      0x3df ../NIOS_APP_bsp/\libhal_bsp.a(alt_sys_init.o)
 .debug_info    0x000000000000284d      0x3a7 ../NIOS_APP_bsp/\libhal_bsp.a(altera_avalon_jtag_uart_fd.o)
 .debug_info    0x0000000000002bf4      0x1b2 ../NIOS_APP_bsp/\libhal_bsp.a(altera_avalon_jtag_uart_read.o)
 .debug_info    0x0000000000002da6      0x195 ../NIOS_APP_bsp/\libhal_bsp.a(altera_avalon_jtag_uart_write.o)
 .debug_info    0x0000000000002f3b      0x226 ../NIOS_APP_bsp/\libhal_bsp.a(altera_avalon_timer_sc.o)
 .debug_info    0x0000000000003161       0xd7 ../NIOS_APP_bsp/\libhal_bsp.a(alt_busy_sleep.o)
 .debug_info    0x0000000000003238      0x321 ../NIOS_APP_bsp/\libhal_bsp.a(alt_close.o)
 .debug_info    0x0000000000003559       0xa5 ../NIOS_APP_bsp/\libhal_bsp.a(alt_dcache_flush_all.o)
 .debug_info    0x00000000000035fe      0x49c ../NIOS_APP_bsp/\libhal_bsp.a(alt_dev.o)
 .debug_info    0x0000000000003a9a      0x1a9 ../NIOS_APP_bsp/\libhal_bsp.a(alt_dev_llist_insert.o)
 .debug_info    0x0000000000003c43       0x83 ../NIOS_APP_bsp/\libhal_bsp.a(alt_do_ctors.o)
 .debug_info    0x0000000000003cc6       0x83 ../NIOS_APP_bsp/\libhal_bsp.a(alt_do_dtors.o)
 .debug_info    0x0000000000003d49       0xa6 ../NIOS_APP_bsp/\libhal_bsp.a(alt_errno.o)
 .debug_info    0x0000000000003def       0x92 ../NIOS_APP_bsp/\libhal_bsp.a(alt_icache_flush_all.o)
 .debug_info    0x0000000000003e81      0x350 ../NIOS_APP_bsp/\libhal_bsp.a(alt_iic.o)
 .debug_info    0x00000000000041d1      0x1ef ../NIOS_APP_bsp/\libhal_bsp.a(alt_iic_isr_register.o)
 .debug_info    0x00000000000043c0      0x4a5 ../NIOS_APP_bsp/\libhal_bsp.a(alt_io_redirect.o)
 .debug_info    0x0000000000004865       0xa1 ../NIOS_APP_bsp/\libhal_bsp.a(alt_irq_entry.o)
 .debug_info    0x0000000000004906      0x187 ../NIOS_APP_bsp/\libhal_bsp.a(alt_irq_handler.o)
 .debug_info    0x0000000000004a8d       0x88 ../NIOS_APP_bsp/\libhal_bsp.a(alt_irq_vars.o)
 .debug_info    0x0000000000004b15      0x3bb ../NIOS_APP_bsp/\libhal_bsp.a(alt_open.o)
 .debug_info    0x0000000000004ed0      0x2b0 ../NIOS_APP_bsp/\libhal_bsp.a(alt_release_fd.o)
 .debug_info    0x0000000000005180      0x299 ../NIOS_APP_bsp/\libhal_bsp.a(alt_tick.o)
 .debug_info    0x0000000000005419       0x92 ../NIOS_APP_bsp/\libhal_bsp.a(altera_nios2_gen2_irq.o)
 .debug_info    0x00000000000054ab       0xa7 ../NIOS_APP_bsp/\libhal_bsp.a(alt_exception_entry.o)
 .debug_info    0x0000000000005552      0x2e9 ../NIOS_APP_bsp/\libhal_bsp.a(alt_find_dev.o)
 .debug_info    0x000000000000583b      0x2e6 ../NIOS_APP_bsp/\libhal_bsp.a(alt_find_file.o)
 .debug_info    0x0000000000005b21      0x310 ../NIOS_APP_bsp/\libhal_bsp.a(alt_get_fd.o)
 .debug_info    0x0000000000005e31       0xdc ../NIOS_APP_bsp/\libhal_bsp.a(alt_icache_flush.o)
 .debug_info    0x0000000000005f0d      0x1e7 ../NIOS_APP_bsp/\libhal_bsp.a(alt_instruction_exception_entry.o)
 .debug_info    0x00000000000060f4       0xfe d:/intelfpga/16.1/nios2eds/bin/gnu/h-x86_64-mingw32/bin/../lib/gcc/nios2-elf/5.3.0/../../../../../H-x86_64-mingw32/nios2-elf/lib\libsmallc.a(lib_a-atexit.o)
 .debug_info    0x00000000000061f2       0xe5 d:/intelfpga/16.1/nios2eds/bin/gnu/h-x86_64-mingw32/bin/../lib/gcc/nios2-elf/5.3.0/../../../../../H-x86_64-mingw32/nios2-elf/lib\libsmallc.a(lib_a-exit.o)
 .debug_info    0x00000000000062d7       0xf4 d:/intelfpga/16.1/nios2eds/bin/gnu/h-x86_64-mingw32/bin/../lib/gcc/nios2-elf/5.3.0/../../../../../H-x86_64-mingw32/nios2-elf/lib\libsmallc.a(lib_a-memcmp.o)
 .debug_info    0x00000000000063cb      0x64a d:/intelfpga/16.1/nios2eds/bin/gnu/h-x86_64-mingw32/bin/../lib/gcc/nios2-elf/5.3.0/../../../../../H-x86_64-mingw32/nios2-elf/lib\libsmallc.a(lib_a-__atexit.o)
 .debug_info    0x0000000000006a15      0x67b d:/intelfpga/16.1/nios2eds/bin/gnu/h-x86_64-mingw32/bin/../lib/gcc/nios2-elf/5.3.0/../../../../../H-x86_64-mingw32/nios2-elf/lib\libsmallc.a(lib_a-__call_atexit.o)
 .debug_info    0x0000000000007090      0x2c6 d:/intelfpga/16.1/nios2eds/bin/gnu/h-x86_64-mingw32/bin/../lib/gcc/nios2-elf/5.3.0\libgcc.a(lib2-divmod.o)
 .debug_info    0x0000000000007356       0xec ../NIOS_APP_bsp/\libhal_bsp.a(alt_exit.o)

.debug_abbrev   0x0000000000000000     0x2a99
 *(.debug_abbrev)
 .debug_abbrev  0x0000000000000000       0x12 ../NIOS_APP_bsp//obj/HAL/src/crt0.o
 .debug_abbrev  0x0000000000000012       0xe0 obj/default/main.o
 .debug_abbrev  0x00000000000000f2      0x1d6 d:/intelfpga/16.1/nios2eds/bin/gnu/h-x86_64-mingw32/bin/../lib/gcc/nios2-elf/5.3.0/../../../../../H-x86_64-mingw32/nios2-elf/lib\libsmallc.a(lib_a-puts.o)
 .debug_abbrev  0x00000000000002c8       0x7f d:/intelfpga/16.1/nios2eds/bin/gnu/h-x86_64-mingw32/bin/../lib/gcc/nios2-elf/5.3.0/../../../../../H-x86_64-mingw32/nios2-elf/lib\libsmallc.a(lib_a-strlen.o)
 .debug_abbrev  0x0000000000000347      0x1bc d:/intelfpga/16.1/nios2eds/bin/gnu/h-x86_64-mingw32/bin/../lib/gcc/nios2-elf/5.3.0/../../../../../H-x86_64-mingw32/nios2-elf/lib\libsmallc.a(lib_a-fvwrite_small_dev.o)
 .debug_abbrev  0x0000000000000503      0x14a d:/intelfpga/16.1/nios2eds/bin/gnu/h-x86_64-mingw32/bin/../lib/gcc/nios2-elf/5.3.0/../../../../../H-x86_64-mingw32/nios2-elf/lib\libsmallc.a(lib_a-impure.o)
 .debug_abbrev  0x000000000000064d      0x1a6 d:/intelfpga/16.1/nios2eds/bin/gnu/h-x86_64-mingw32/bin/../lib/gcc/nios2-elf/5.3.0/../../../../../H-x86_64-mingw32/nios2-elf/lib\libsmallc.a(lib_a-writer.o)
 .debug_abbrev  0x00000000000007f3       0x37 d:/intelfpga/16.1/nios2eds/bin/gnu/h-x86_64-mingw32/bin/../lib/gcc/nios2-elf/5.3.0/../../../../../H-x86_64-mingw32/nios2-elf/lib\libsmallc.a(lib_a-int_errno.o)
 .debug_abbrev  0x000000000000082a       0x9f ../NIOS_APP_bsp/\libhal_bsp.a(alt_load.o)
 .debug_abbrev  0x00000000000008c9       0xba ../NIOS_APP_bsp/\libhal_bsp.a(alt_main.o)
 .debug_abbrev  0x0000000000000983       0x60 ../NIOS_APP_bsp/\libhal_bsp.a(alt_usleep.o)
 .debug_abbrev  0x00000000000009e3      0x133 ../NIOS_APP_bsp/\libhal_bsp.a(alt_write.o)
 .debug_abbrev  0x0000000000000b16      0x157 ../NIOS_APP_bsp/\libhal_bsp.a(alt_sys_init.o)
 .debug_abbrev  0x0000000000000c6d       0xf7 ../NIOS_APP_bsp/\libhal_bsp.a(altera_avalon_jtag_uart_fd.o)
 .debug_abbrev  0x0000000000000d64       0xd5 ../NIOS_APP_bsp/\libhal_bsp.a(altera_avalon_jtag_uart_read.o)
 .debug_abbrev  0x0000000000000e39       0xd5 ../NIOS_APP_bsp/\libhal_bsp.a(altera_avalon_jtag_uart_write.o)
 .debug_abbrev  0x0000000000000f0e      0x155 ../NIOS_APP_bsp/\libhal_bsp.a(altera_avalon_timer_sc.o)
 .debug_abbrev  0x0000000000001063       0x7e ../NIOS_APP_bsp/\libhal_bsp.a(alt_busy_sleep.o)
 .debug_abbrev  0x00000000000010e1      0x11f ../NIOS_APP_bsp/\libhal_bsp.a(alt_close.o)
 .debug_abbrev  0x0000000000001200       0x5a ../NIOS_APP_bsp/\libhal_bsp.a(alt_dcache_flush_all.o)
 .debug_abbrev  0x000000000000125a       0xd9 ../NIOS_APP_bsp/\libhal_bsp.a(alt_dev.o)
 .debug_abbrev  0x0000000000001333      0x114 ../NIOS_APP_bsp/\libhal_bsp.a(alt_dev_llist_insert.o)
 .debug_abbrev  0x0000000000001447       0x79 ../NIOS_APP_bsp/\libhal_bsp.a(alt_do_ctors.o)
 .debug_abbrev  0x00000000000014c0       0x79 ../NIOS_APP_bsp/\libhal_bsp.a(alt_do_dtors.o)
 .debug_abbrev  0x0000000000001539       0x5a ../NIOS_APP_bsp/\libhal_bsp.a(alt_errno.o)
 .debug_abbrev  0x0000000000001593       0x42 ../NIOS_APP_bsp/\libhal_bsp.a(alt_icache_flush_all.o)
 .debug_abbrev  0x00000000000015d5      0x163 ../NIOS_APP_bsp/\libhal_bsp.a(alt_iic.o)
 .debug_abbrev  0x0000000000001738      0x169 ../NIOS_APP_bsp/\libhal_bsp.a(alt_iic_isr_register.o)
 .debug_abbrev  0x00000000000018a1      0x114 ../NIOS_APP_bsp/\libhal_bsp.a(alt_io_redirect.o)
 .debug_abbrev  0x00000000000019b5       0x12 ../NIOS_APP_bsp/\libhal_bsp.a(alt_irq_entry.o)
 .debug_abbrev  0x00000000000019c7      0x122 ../NIOS_APP_bsp/\libhal_bsp.a(alt_irq_handler.o)
 .debug_abbrev  0x0000000000001ae9       0x40 ../NIOS_APP_bsp/\libhal_bsp.a(alt_irq_vars.o)
 .debug_abbrev  0x0000000000001b29      0x148 ../NIOS_APP_bsp/\libhal_bsp.a(alt_open.o)
 .debug_abbrev  0x0000000000001c71       0xde ../NIOS_APP_bsp/\libhal_bsp.a(alt_release_fd.o)
 .debug_abbrev  0x0000000000001d4f      0x15a ../NIOS_APP_bsp/\libhal_bsp.a(alt_tick.o)
 .debug_abbrev  0x0000000000001ea9       0x42 ../NIOS_APP_bsp/\libhal_bsp.a(altera_nios2_gen2_irq.o)
 .debug_abbrev  0x0000000000001eeb       0x12 ../NIOS_APP_bsp/\libhal_bsp.a(alt_exception_entry.o)
 .debug_abbrev  0x0000000000001efd       0xf0 ../NIOS_APP_bsp/\libhal_bsp.a(alt_find_dev.o)
 .debug_abbrev  0x0000000000001fed       0xf0 ../NIOS_APP_bsp/\libhal_bsp.a(alt_find_file.o)
 .debug_abbrev  0x00000000000020dd      0x10d ../NIOS_APP_bsp/\libhal_bsp.a(alt_get_fd.o)
 .debug_abbrev  0x00000000000021ea       0x8c ../NIOS_APP_bsp/\libhal_bsp.a(alt_icache_flush.o)
 .debug_abbrev  0x0000000000002276       0xdc ../NIOS_APP_bsp/\libhal_bsp.a(alt_instruction_exception_entry.o)
 .debug_abbrev  0x0000000000002352       0xaa d:/intelfpga/16.1/nios2eds/bin/gnu/h-x86_64-mingw32/bin/../lib/gcc/nios2-elf/5.3.0/../../../../../H-x86_64-mingw32/nios2-elf/lib\libsmallc.a(lib_a-atexit.o)
 .debug_abbrev  0x00000000000023fc       0x8b d:/intelfpga/16.1/nios2eds/bin/gnu/h-x86_64-mingw32/bin/../lib/gcc/nios2-elf/5.3.0/../../../../../H-x86_64-mingw32/nios2-elf/lib\libsmallc.a(lib_a-exit.o)
 .debug_abbrev  0x0000000000002487       0x7f d:/intelfpga/16.1/nios2eds/bin/gnu/h-x86_64-mingw32/bin/../lib/gcc/nios2-elf/5.3.0/../../../../../H-x86_64-mingw32/nios2-elf/lib\libsmallc.a(lib_a-memcmp.o)
 .debug_abbrev  0x0000000000002506      0x1e6 d:/intelfpga/16.1/nios2eds/bin/gnu/h-x86_64-mingw32/bin/../lib/gcc/nios2-elf/5.3.0/../../../../../H-x86_64-mingw32/nios2-elf/lib\libsmallc.a(lib_a-__atexit.o)
 .debug_abbrev  0x00000000000026ec      0x1f6 d:/intelfpga/16.1/nios2eds/bin/gnu/h-x86_64-mingw32/bin/../lib/gcc/nios2-elf/5.3.0/../../../../../H-x86_64-mingw32/nios2-elf/lib\libsmallc.a(lib_a-__call_atexit.o)
 .debug_abbrev  0x00000000000028e2      0x10e d:/intelfpga/16.1/nios2eds/bin/gnu/h-x86_64-mingw32/bin/../lib/gcc/nios2-elf/5.3.0\libgcc.a(lib2-divmod.o)
 .debug_abbrev  0x00000000000029f0       0xa9 ../NIOS_APP_bsp/\libhal_bsp.a(alt_exit.o)

.debug_line     0x0000000000000000     0x2dbc
 *(.debug_line)
 .debug_line    0x0000000000000000       0x72 ../NIOS_APP_bsp//obj/HAL/src/crt0.o
 .debug_line    0x0000000000000072       0xfb obj/default/main.o
 .debug_line    0x000000000000016d      0x203 d:/intelfpga/16.1/nios2eds/bin/gnu/h-x86_64-mingw32/bin/../lib/gcc/nios2-elf/5.3.0/../../../../../H-x86_64-mingw32/nios2-elf/lib\libsmallc.a(lib_a-puts.o)
 .debug_line    0x0000000000000370      0x159 d:/intelfpga/16.1/nios2eds/bin/gnu/h-x86_64-mingw32/bin/../lib/gcc/nios2-elf/5.3.0/../../../../../H-x86_64-mingw32/nios2-elf/lib\libsmallc.a(lib_a-strlen.o)
 .debug_line    0x00000000000004c9      0x1ed d:/intelfpga/16.1/nios2eds/bin/gnu/h-x86_64-mingw32/bin/../lib/gcc/nios2-elf/5.3.0/../../../../../H-x86_64-mingw32/nios2-elf/lib\libsmallc.a(lib_a-fvwrite_small_dev.o)
 .debug_line    0x00000000000006b6      0x153 d:/intelfpga/16.1/nios2eds/bin/gnu/h-x86_64-mingw32/bin/../lib/gcc/nios2-elf/5.3.0/../../../../../H-x86_64-mingw32/nios2-elf/lib\libsmallc.a(lib_a-impure.o)
 .debug_line    0x0000000000000809      0x1ea d:/intelfpga/16.1/nios2eds/bin/gnu/h-x86_64-mingw32/bin/../lib/gcc/nios2-elf/5.3.0/../../../../../H-x86_64-mingw32/nios2-elf/lib\libsmallc.a(lib_a-writer.o)
 .debug_line    0x00000000000009f3       0x5c d:/intelfpga/16.1/nios2eds/bin/gnu/h-x86_64-mingw32/bin/../lib/gcc/nios2-elf/5.3.0/../../../../../H-x86_64-mingw32/nios2-elf/lib\libsmallc.a(lib_a-int_errno.o)
 .debug_line    0x0000000000000a4f       0x8e ../NIOS_APP_bsp/\libhal_bsp.a(alt_load.o)
 .debug_line    0x0000000000000add       0xa4 ../NIOS_APP_bsp/\libhal_bsp.a(alt_main.o)
 .debug_line    0x0000000000000b81       0xa8 ../NIOS_APP_bsp/\libhal_bsp.a(alt_usleep.o)
 .debug_line    0x0000000000000c29      0x1d1 ../NIOS_APP_bsp/\libhal_bsp.a(alt_write.o)
 .debug_line    0x0000000000000dfa      0x142 ../NIOS_APP_bsp/\libhal_bsp.a(alt_sys_init.o)
 .debug_line    0x0000000000000f3c      0x112 ../NIOS_APP_bsp/\libhal_bsp.a(altera_avalon_jtag_uart_fd.o)
 .debug_line    0x000000000000104e       0xfd ../NIOS_APP_bsp/\libhal_bsp.a(altera_avalon_jtag_uart_read.o)
 .debug_line    0x000000000000114b       0xf4 ../NIOS_APP_bsp/\libhal_bsp.a(altera_avalon_jtag_uart_write.o)
 .debug_line    0x000000000000123f       0xfd ../NIOS_APP_bsp/\libhal_bsp.a(altera_avalon_timer_sc.o)
 .debug_line    0x000000000000133c       0xa0 ../NIOS_APP_bsp/\libhal_bsp.a(alt_busy_sleep.o)
 .debug_line    0x00000000000013dc      0x160 ../NIOS_APP_bsp/\libhal_bsp.a(alt_close.o)
 .debug_line    0x000000000000153c       0x61 ../NIOS_APP_bsp/\libhal_bsp.a(alt_dcache_flush_all.o)
 .debug_line    0x000000000000159d       0xf3 ../NIOS_APP_bsp/\libhal_bsp.a(alt_dev.o)
 .debug_line    0x0000000000001690       0xcf ../NIOS_APP_bsp/\libhal_bsp.a(alt_dev_llist_insert.o)
 .debug_line    0x000000000000175f       0x59 ../NIOS_APP_bsp/\libhal_bsp.a(alt_do_ctors.o)
 .debug_line    0x00000000000017b8       0x59 ../NIOS_APP_bsp/\libhal_bsp.a(alt_do_dtors.o)
 .debug_line    0x0000000000001811       0x51 ../NIOS_APP_bsp/\libhal_bsp.a(alt_errno.o)
 .debug_line    0x0000000000001862       0x50 ../NIOS_APP_bsp/\libhal_bsp.a(alt_icache_flush_all.o)
 .debug_line    0x00000000000018b2       0xeb ../NIOS_APP_bsp/\libhal_bsp.a(alt_iic.o)
 .debug_line    0x000000000000199d       0xdb ../NIOS_APP_bsp/\libhal_bsp.a(alt_iic_isr_register.o)
 .debug_line    0x0000000000001a78      0x12e ../NIOS_APP_bsp/\libhal_bsp.a(alt_io_redirect.o)
 .debug_line    0x0000000000001ba6       0x6b ../NIOS_APP_bsp/\libhal_bsp.a(alt_irq_entry.o)
 .debug_line    0x0000000000001c11       0xaa ../NIOS_APP_bsp/\libhal_bsp.a(alt_irq_handler.o)
 .debug_line    0x0000000000001cbb       0x50 ../NIOS_APP_bsp/\libhal_bsp.a(alt_irq_vars.o)
 .debug_line    0x0000000000001d0b      0x128 ../NIOS_APP_bsp/\libhal_bsp.a(alt_open.o)
 .debug_line    0x0000000000001e33       0xae ../NIOS_APP_bsp/\libhal_bsp.a(alt_release_fd.o)
 .debug_line    0x0000000000001ee1       0xff ../NIOS_APP_bsp/\libhal_bsp.a(alt_tick.o)
 .debug_line    0x0000000000001fe0       0x51 ../NIOS_APP_bsp/\libhal_bsp.a(altera_nios2_gen2_irq.o)
 .debug_line    0x0000000000002031       0xb3 ../NIOS_APP_bsp/\libhal_bsp.a(alt_exception_entry.o)
 .debug_line    0x00000000000020e4       0xb5 ../NIOS_APP_bsp/\libhal_bsp.a(alt_find_dev.o)
 .debug_line    0x0000000000002199       0xd1 ../NIOS_APP_bsp/\libhal_bsp.a(alt_find_file.o)
 .debug_line    0x000000000000226a       0xd4 ../NIOS_APP_bsp/\libhal_bsp.a(alt_get_fd.o)
 .debug_line    0x000000000000233e       0x81 ../NIOS_APP_bsp/\libhal_bsp.a(alt_icache_flush.o)
 .debug_line    0x00000000000023bf       0xba ../NIOS_APP_bsp/\libhal_bsp.a(alt_instruction_exception_entry.o)
 .debug_line    0x0000000000002479       0xe4 d:/intelfpga/16.1/nios2eds/bin/gnu/h-x86_64-mingw32/bin/../lib/gcc/nios2-elf/5.3.0/../../../../../H-x86_64-mingw32/nios2-elf/lib\libsmallc.a(lib_a-atexit.o)
 .debug_line    0x000000000000255d      0x156 d:/intelfpga/16.1/nios2eds/bin/gnu/h-x86_64-mingw32/bin/../lib/gcc/nios2-elf/5.3.0/../../../../../H-x86_64-mingw32/nios2-elf/lib\libsmallc.a(lib_a-exit.o)
 .debug_line    0x00000000000026b3      0x15d d:/intelfpga/16.1/nios2eds/bin/gnu/h-x86_64-mingw32/bin/../lib/gcc/nios2-elf/5.3.0/../../../../../H-x86_64-mingw32/nios2-elf/lib\libsmallc.a(lib_a-memcmp.o)
 .debug_line    0x0000000000002810      0x20a d:/intelfpga/16.1/nios2eds/bin/gnu/h-x86_64-mingw32/bin/../lib/gcc/nios2-elf/5.3.0/../../../../../H-x86_64-mingw32/nios2-elf/lib\libsmallc.a(lib_a-__atexit.o)
 .debug_line    0x0000000000002a1a      0x22f d:/intelfpga/16.1/nios2eds/bin/gnu/h-x86_64-mingw32/bin/../lib/gcc/nios2-elf/5.3.0/../../../../../H-x86_64-mingw32/nios2-elf/lib\libsmallc.a(lib_a-__call_atexit.o)
 .debug_line    0x0000000000002c49      0x102 d:/intelfpga/16.1/nios2eds/bin/gnu/h-x86_64-mingw32/bin/../lib/gcc/nios2-elf/5.3.0\libgcc.a(lib2-divmod.o)
 .debug_line    0x0000000000002d4b       0x71 ../NIOS_APP_bsp/\libhal_bsp.a(alt_exit.o)

.debug_frame    0x0000000000000000      0xc2c
 *(.debug_frame)
 .debug_frame   0x0000000000000000       0xec obj/default/main.o
 .debug_frame   0x00000000000000ec       0x48 d:/intelfpga/16.1/nios2eds/bin/gnu/h-x86_64-mingw32/bin/../lib/gcc/nios2-elf/5.3.0/../../../../../H-x86_64-mingw32/nios2-elf/lib\libsmallc.a(lib_a-puts.o)
 .debug_frame   0x0000000000000134       0x20 d:/intelfpga/16.1/nios2eds/bin/gnu/h-x86_64-mingw32/bin/../lib/gcc/nios2-elf/5.3.0/../../../../../H-x86_64-mingw32/nios2-elf/lib\libsmallc.a(lib_a-strlen.o)
 .debug_frame   0x0000000000000154       0x58 d:/intelfpga/16.1/nios2eds/bin/gnu/h-x86_64-mingw32/bin/../lib/gcc/nios2-elf/5.3.0/../../../../../H-x86_64-mingw32/nios2-elf/lib\libsmallc.a(lib_a-fvwrite_small_dev.o)
 .debug_frame   0x00000000000001ac       0x38 d:/intelfpga/16.1/nios2eds/bin/gnu/h-x86_64-mingw32/bin/../lib/gcc/nios2-elf/5.3.0/../../../../../H-x86_64-mingw32/nios2-elf/lib\libsmallc.a(lib_a-writer.o)
 .debug_frame   0x00000000000001e4       0x5c ../NIOS_APP_bsp/\libhal_bsp.a(alt_load.o)
 .debug_frame   0x0000000000000240       0x2c ../NIOS_APP_bsp/\libhal_bsp.a(alt_main.o)
 .debug_frame   0x000000000000026c       0x38 ../NIOS_APP_bsp/\libhal_bsp.a(alt_usleep.o)
 .debug_frame   0x00000000000002a4       0x60 ../NIOS_APP_bsp/\libhal_bsp.a(alt_write.o)
 .debug_frame   0x0000000000000304       0x88 ../NIOS_APP_bsp/\libhal_bsp.a(alt_sys_init.o)
 .debug_frame   0x000000000000038c       0x60 ../NIOS_APP_bsp/\libhal_bsp.a(altera_avalon_jtag_uart_fd.o)
 .debug_frame   0x00000000000003ec       0x34 ../NIOS_APP_bsp/\libhal_bsp.a(altera_avalon_jtag_uart_read.o)
 .debug_frame   0x0000000000000420       0x34 ../NIOS_APP_bsp/\libhal_bsp.a(altera_avalon_jtag_uart_write.o)
 .debug_frame   0x0000000000000454       0x60 ../NIOS_APP_bsp/\libhal_bsp.a(altera_avalon_timer_sc.o)
 .debug_frame   0x00000000000004b4       0x38 ../NIOS_APP_bsp/\libhal_bsp.a(alt_busy_sleep.o)
 .debug_frame   0x00000000000004ec       0x60 ../NIOS_APP_bsp/\libhal_bsp.a(alt_close.o)
 .debug_frame   0x000000000000054c       0x34 ../NIOS_APP_bsp/\libhal_bsp.a(alt_dcache_flush_all.o)
 .debug_frame   0x0000000000000580       0x34 ../NIOS_APP_bsp/\libhal_bsp.a(alt_dev.o)
 .debug_frame   0x00000000000005b4       0x60 ../NIOS_APP_bsp/\libhal_bsp.a(alt_dev_llist_insert.o)
 .debug_frame   0x0000000000000614       0x38 ../NIOS_APP_bsp/\libhal_bsp.a(alt_do_ctors.o)
 .debug_frame   0x000000000000064c       0x38 ../NIOS_APP_bsp/\libhal_bsp.a(alt_do_dtors.o)
 .debug_frame   0x0000000000000684       0x38 ../NIOS_APP_bsp/\libhal_bsp.a(alt_icache_flush_all.o)
 .debug_frame   0x00000000000006bc       0xa4 ../NIOS_APP_bsp/\libhal_bsp.a(alt_iic.o)
 .debug_frame   0x0000000000000760       0x38 ../NIOS_APP_bsp/\libhal_bsp.a(alt_iic_isr_register.o)
 .debug_frame   0x0000000000000798       0x60 ../NIOS_APP_bsp/\libhal_bsp.a(alt_io_redirect.o)
 .debug_frame   0x00000000000007f8       0x38 ../NIOS_APP_bsp/\libhal_bsp.a(alt_irq_handler.o)
 .debug_frame   0x0000000000000830       0x84 ../NIOS_APP_bsp/\libhal_bsp.a(alt_open.o)
 .debug_frame   0x00000000000008b4       0x34 ../NIOS_APP_bsp/\libhal_bsp.a(alt_release_fd.o)
 .debug_frame   0x00000000000008e8       0x5c ../NIOS_APP_bsp/\libhal_bsp.a(alt_tick.o)
 .debug_frame   0x0000000000000944       0x34 ../NIOS_APP_bsp/\libhal_bsp.a(altera_nios2_gen2_irq.o)
 .debug_frame   0x0000000000000978       0x38 ../NIOS_APP_bsp/\libhal_bsp.a(alt_find_dev.o)
 .debug_frame   0x00000000000009b0       0x38 ../NIOS_APP_bsp/\libhal_bsp.a(alt_find_file.o)
 .debug_frame   0x00000000000009e8       0x34 ../NIOS_APP_bsp/\libhal_bsp.a(alt_get_fd.o)
 .debug_frame   0x0000000000000a1c       0x34 ../NIOS_APP_bsp/\libhal_bsp.a(alt_icache_flush.o)
 .debug_frame   0x0000000000000a50       0x5c ../NIOS_APP_bsp/\libhal_bsp.a(alt_instruction_exception_entry.o)
 .debug_frame   0x0000000000000aac       0x20 d:/intelfpga/16.1/nios2eds/bin/gnu/h-x86_64-mingw32/bin/../lib/gcc/nios2-elf/5.3.0/../../../../../H-x86_64-mingw32/nios2-elf/lib\libsmallc.a(lib_a-atexit.o)
 .debug_frame   0x0000000000000acc       0x28 d:/intelfpga/16.1/nios2eds/bin/gnu/h-x86_64-mingw32/bin/../lib/gcc/nios2-elf/5.3.0/../../../../../H-x86_64-mingw32/nios2-elf/lib\libsmallc.a(lib_a-exit.o)
 .debug_frame   0x0000000000000af4       0x20 d:/intelfpga/16.1/nios2eds/bin/gnu/h-x86_64-mingw32/bin/../lib/gcc/nios2-elf/5.3.0/../../../../../H-x86_64-mingw32/nios2-elf/lib\libsmallc.a(lib_a-memcmp.o)
 .debug_frame   0x0000000000000b14       0x48 d:/intelfpga/16.1/nios2eds/bin/gnu/h-x86_64-mingw32/bin/../lib/gcc/nios2-elf/5.3.0/../../../../../H-x86_64-mingw32/nios2-elf/lib\libsmallc.a(lib_a-__atexit.o)
 .debug_frame   0x0000000000000b5c       0x54 d:/intelfpga/16.1/nios2eds/bin/gnu/h-x86_64-mingw32/bin/../lib/gcc/nios2-elf/5.3.0/../../../../../H-x86_64-mingw32/nios2-elf/lib\libsmallc.a(lib_a-__call_atexit.o)
 .debug_frame   0x0000000000000bb0       0x50 d:/intelfpga/16.1/nios2eds/bin/gnu/h-x86_64-mingw32/bin/../lib/gcc/nios2-elf/5.3.0\libgcc.a(lib2-divmod.o)
 .debug_frame   0x0000000000000c00       0x2c ../NIOS_APP_bsp/\libhal_bsp.a(alt_exit.o)

.debug_str      0x0000000000000000     0x1bd6
 *(.debug_str)
 .debug_str     0x0000000000000000      0x180 obj/default/main.o
                                        0x1cc (size before relaxing)
 .debug_str     0x0000000000000180      0x3d1 d:/intelfpga/16.1/nios2eds/bin/gnu/h-x86_64-mingw32/bin/../lib/gcc/nios2-elf/5.3.0/../../../../../H-x86_64-mingw32/nios2-elf/lib\libsmallc.a(lib_a-puts.o)
                                        0x4b3 (size before relaxing)
 .debug_str     0x0000000000000551       0xc4 d:/intelfpga/16.1/nios2eds/bin/gnu/h-x86_64-mingw32/bin/../lib/gcc/nios2-elf/5.3.0/../../../../../H-x86_64-mingw32/nios2-elf/lib\libsmallc.a(lib_a-strlen.o)
                                        0x1cb (size before relaxing)
 .debug_str     0x0000000000000615       0x60 d:/intelfpga/16.1/nios2eds/bin/gnu/h-x86_64-mingw32/bin/../lib/gcc/nios2-elf/5.3.0/../../../../../H-x86_64-mingw32/nios2-elf/lib\libsmallc.a(lib_a-fvwrite_small_dev.o)
                                        0x4ba (size before relaxing)
 .debug_str     0x0000000000000675       0xe1 d:/intelfpga/16.1/nios2eds/bin/gnu/h-x86_64-mingw32/bin/../lib/gcc/nios2-elf/5.3.0/../../../../../H-x86_64-mingw32/nios2-elf/lib\libsmallc.a(lib_a-impure.o)
                                        0x4a4 (size before relaxing)
 .debug_str     0x0000000000000756       0x42 d:/intelfpga/16.1/nios2eds/bin/gnu/h-x86_64-mingw32/bin/../lib/gcc/nios2-elf/5.3.0/../../../../../H-x86_64-mingw32/nios2-elf/lib\libsmallc.a(lib_a-writer.o)
                                        0x49e (size before relaxing)
 .debug_str     0x0000000000000798       0x3c d:/intelfpga/16.1/nios2eds/bin/gnu/h-x86_64-mingw32/bin/../lib/gcc/nios2-elf/5.3.0/../../../../../H-x86_64-mingw32/nios2-elf/lib\libsmallc.a(lib_a-int_errno.o)
                                        0x1be (size before relaxing)
 .debug_str     0x00000000000007d4      0x155 ../NIOS_APP_bsp/\libhal_bsp.a(alt_load.o)
                                        0x239 (size before relaxing)
 .debug_str     0x0000000000000929       0x70 ../NIOS_APP_bsp/\libhal_bsp.a(alt_main.o)
                                        0x1c4 (size before relaxing)
 .debug_str     0x0000000000000999       0x27 ../NIOS_APP_bsp/\libhal_bsp.a(alt_usleep.o)
                                        0x16f (size before relaxing)
 .debug_str     0x00000000000009c0      0x15f ../NIOS_APP_bsp/\libhal_bsp.a(alt_write.o)
                                        0x31f (size before relaxing)
 .debug_str     0x0000000000000b1f      0x136 ../NIOS_APP_bsp/\libhal_bsp.a(alt_sys_init.o)
                                        0x331 (size before relaxing)
 .debug_str     0x0000000000000c55       0x77 ../NIOS_APP_bsp/\libhal_bsp.a(altera_avalon_jtag_uart_fd.o)
                                        0x2fc (size before relaxing)
 .debug_str     0x0000000000000ccc       0x48 ../NIOS_APP_bsp/\libhal_bsp.a(altera_avalon_jtag_uart_read.o)
                                        0x246 (size before relaxing)
 .debug_str     0x0000000000000d14       0x4a ../NIOS_APP_bsp/\libhal_bsp.a(altera_avalon_jtag_uart_write.o)
                                        0x23c (size before relaxing)
 .debug_str     0x0000000000000d5e       0xb6 ../NIOS_APP_bsp/\libhal_bsp.a(altera_avalon_timer_sc.o)
                                        0x272 (size before relaxing)
 .debug_str     0x0000000000000e14       0x42 ../NIOS_APP_bsp/\libhal_bsp.a(alt_busy_sleep.o)
                                        0x192 (size before relaxing)
 .debug_str     0x0000000000000e56       0x1b ../NIOS_APP_bsp/\libhal_bsp.a(alt_close.o)
                                        0x232 (size before relaxing)
 .debug_str     0x0000000000000e71       0x34 ../NIOS_APP_bsp/\libhal_bsp.a(alt_dcache_flush_all.o)
                                        0x17c (size before relaxing)
 .debug_str     0x0000000000000ea5       0x50 ../NIOS_APP_bsp/\libhal_bsp.a(alt_dev.o)
                                        0x32c (size before relaxing)
 .debug_str     0x0000000000000ef5       0x45 ../NIOS_APP_bsp/\libhal_bsp.a(alt_dev_llist_insert.o)
                                        0x1f3 (size before relaxing)
 .debug_str     0x0000000000000f3a       0x48 ../NIOS_APP_bsp/\libhal_bsp.a(alt_do_ctors.o)
                                         0xf7 (size before relaxing)
 .debug_str     0x0000000000000f82       0x4c ../NIOS_APP_bsp/\libhal_bsp.a(alt_do_dtors.o)
                                         0xf6 (size before relaxing)
 .debug_str     0x0000000000000fce       0x14 ../NIOS_APP_bsp/\libhal_bsp.a(alt_errno.o)
                                        0x16c (size before relaxing)
 .debug_str     0x0000000000000fe2       0x34 ../NIOS_APP_bsp/\libhal_bsp.a(alt_icache_flush_all.o)
                                        0x17c (size before relaxing)
 .debug_str     0x0000000000001016       0xc4 ../NIOS_APP_bsp/\libhal_bsp.a(alt_iic.o)
                                        0x265 (size before relaxing)
 .debug_str     0x00000000000010da       0x4c ../NIOS_APP_bsp/\libhal_bsp.a(alt_iic_isr_register.o)
                                        0x20f (size before relaxing)
 .debug_str     0x0000000000001126       0x56 ../NIOS_APP_bsp/\libhal_bsp.a(alt_io_redirect.o)
                                        0x33d (size before relaxing)
 .debug_str     0x000000000000117c       0x3a ../NIOS_APP_bsp/\libhal_bsp.a(alt_irq_handler.o)
                                        0x1be (size before relaxing)
 .debug_str     0x00000000000011b6       0x17 ../NIOS_APP_bsp/\libhal_bsp.a(alt_irq_vars.o)
                                        0x161 (size before relaxing)
 .debug_str     0x00000000000011cd       0x2f ../NIOS_APP_bsp/\libhal_bsp.a(alt_open.o)
                                        0x272 (size before relaxing)
 .debug_str     0x00000000000011fc       0x28 ../NIOS_APP_bsp/\libhal_bsp.a(alt_release_fd.o)
                                        0x1fa (size before relaxing)
 .debug_str     0x0000000000001224       0x78 ../NIOS_APP_bsp/\libhal_bsp.a(alt_tick.o)
                                        0x279 (size before relaxing)
 .debug_str     0x000000000000129c       0x3b ../NIOS_APP_bsp/\libhal_bsp.a(altera_nios2_gen2_irq.o)
                                        0x183 (size before relaxing)
 .debug_str     0x00000000000012d7       0x24 ../NIOS_APP_bsp/\libhal_bsp.a(alt_find_dev.o)
                                        0x213 (size before relaxing)
 .debug_str     0x00000000000012fb       0x26 ../NIOS_APP_bsp/\libhal_bsp.a(alt_find_file.o)
                                        0x221 (size before relaxing)
 .debug_str     0x0000000000001321       0x30 ../NIOS_APP_bsp/\libhal_bsp.a(alt_get_fd.o)
                                        0x243 (size before relaxing)
 .debug_str     0x0000000000001351       0x2c ../NIOS_APP_bsp/\libhal_bsp.a(alt_icache_flush.o)
                                        0x182 (size before relaxing)
 .debug_str     0x000000000000137d      0x48b ../NIOS_APP_bsp/\libhal_bsp.a(alt_instruction_exception_entry.o)
                                        0x5c7 (size before relaxing)
 .debug_str     0x0000000000001808      0x108 d:/intelfpga/16.1/nios2eds/bin/gnu/h-x86_64-mingw32/bin/../lib/gcc/nios2-elf/5.3.0/../../../../../H-x86_64-mingw32/nios2-elf/lib\libsmallc.a(lib_a-atexit.o)
                                        0x202 (size before relaxing)
 .debug_str     0x0000000000001910       0x49 d:/intelfpga/16.1/nios2eds/bin/gnu/h-x86_64-mingw32/bin/../lib/gcc/nios2-elf/5.3.0/../../../../../H-x86_64-mingw32/nios2-elf/lib\libsmallc.a(lib_a-exit.o)
                                        0x1d6 (size before relaxing)
 .debug_str     0x0000000000001959       0x41 d:/intelfpga/16.1/nios2eds/bin/gnu/h-x86_64-mingw32/bin/../lib/gcc/nios2-elf/5.3.0/../../../../../H-x86_64-mingw32/nios2-elf/lib\libsmallc.a(lib_a-memcmp.o)
                                        0x1c5 (size before relaxing)
 .debug_str     0x000000000000199a       0x43 d:/intelfpga/16.1/nios2eds/bin/gnu/h-x86_64-mingw32/bin/../lib/gcc/nios2-elf/5.3.0/../../../../../H-x86_64-mingw32/nios2-elf/lib\libsmallc.a(lib_a-__atexit.o)
                                        0x4e5 (size before relaxing)
 .debug_str     0x00000000000019dd       0x62 d:/intelfpga/16.1/nios2eds/bin/gnu/h-x86_64-mingw32/bin/../lib/gcc/nios2-elf/5.3.0/../../../../../H-x86_64-mingw32/nios2-elf/lib\libsmallc.a(lib_a-__call_atexit.o)
                                        0x4d1 (size before relaxing)
 .debug_str     0x0000000000001a3f      0x16d d:/intelfpga/16.1/nios2eds/bin/gnu/h-x86_64-mingw32/bin/../lib/gcc/nios2-elf/5.3.0\libgcc.a(lib2-divmod.o)
                                        0x1b8 (size before relaxing)
 .debug_str     0x0000000000001bac       0x2a ../NIOS_APP_bsp/\libhal_bsp.a(alt_exit.o)
                                        0x178 (size before relaxing)

.debug_loc      0x0000000000000000      0xb2d
 *(.debug_loc)
 .debug_loc     0x0000000000000000       0x97 d:/intelfpga/16.1/nios2eds/bin/gnu/h-x86_64-mingw32/bin/../lib/gcc/nios2-elf/5.3.0/../../../../../H-x86_64-mingw32/nios2-elf/lib\libsmallc.a(lib_a-puts.o)
 .debug_loc     0x0000000000000097       0x1e d:/intelfpga/16.1/nios2eds/bin/gnu/h-x86_64-mingw32/bin/../lib/gcc/nios2-elf/5.3.0/../../../../../H-x86_64-mingw32/nios2-elf/lib\libsmallc.a(lib_a-strlen.o)
 .debug_loc     0x00000000000000b5      0x110 d:/intelfpga/16.1/nios2eds/bin/gnu/h-x86_64-mingw32/bin/../lib/gcc/nios2-elf/5.3.0/../../../../../H-x86_64-mingw32/nios2-elf/lib\libsmallc.a(lib_a-fvwrite_small_dev.o)
 .debug_loc     0x00000000000001c5       0xa5 d:/intelfpga/16.1/nios2eds/bin/gnu/h-x86_64-mingw32/bin/../lib/gcc/nios2-elf/5.3.0/../../../../../H-x86_64-mingw32/nios2-elf/lib\libsmallc.a(lib_a-writer.o)
 .debug_loc     0x000000000000026a       0x2c d:/intelfpga/16.1/nios2eds/bin/gnu/h-x86_64-mingw32/bin/../lib/gcc/nios2-elf/5.3.0/../../../../../H-x86_64-mingw32/nios2-elf/lib\libsmallc.a(lib_a-atexit.o)
 .debug_loc     0x0000000000000296       0x1e d:/intelfpga/16.1/nios2eds/bin/gnu/h-x86_64-mingw32/bin/../lib/gcc/nios2-elf/5.3.0/../../../../../H-x86_64-mingw32/nios2-elf/lib\libsmallc.a(lib_a-exit.o)
 .debug_loc     0x00000000000002b4       0x94 d:/intelfpga/16.1/nios2eds/bin/gnu/h-x86_64-mingw32/bin/../lib/gcc/nios2-elf/5.3.0/../../../../../H-x86_64-mingw32/nios2-elf/lib\libsmallc.a(lib_a-memcmp.o)
 .debug_loc     0x0000000000000348      0x1c0 d:/intelfpga/16.1/nios2eds/bin/gnu/h-x86_64-mingw32/bin/../lib/gcc/nios2-elf/5.3.0/../../../../../H-x86_64-mingw32/nios2-elf/lib\libsmallc.a(lib_a-__atexit.o)
 .debug_loc     0x0000000000000508      0x157 d:/intelfpga/16.1/nios2eds/bin/gnu/h-x86_64-mingw32/bin/../lib/gcc/nios2-elf/5.3.0/../../../../../H-x86_64-mingw32/nios2-elf/lib\libsmallc.a(lib_a-__call_atexit.o)
 .debug_loc     0x000000000000065f      0x4ce d:/intelfpga/16.1/nios2eds/bin/gnu/h-x86_64-mingw32/bin/../lib/gcc/nios2-elf/5.3.0\libgcc.a(lib2-divmod.o)

.debug_macinfo
 *(.debug_macinfo)

.debug_weaknames
 *(.debug_weaknames)

.debug_funcnames
 *(.debug_funcnames)

.debug_typenames
 *(.debug_typenames)

.debug_varnames
 *(.debug_varnames)

.debug_alt_sim_info
                0x0000000000000000       0x60
 *(.debug_alt_sim_info)
 .debug_alt_sim_info
                0x0000000000000000       0x30 ../NIOS_APP_bsp//obj/HAL/src/crt0.o
 .debug_alt_sim_info
                0x0000000000000030       0x30 ../NIOS_APP_bsp/\libhal_bsp.a(alt_busy_sleep.o)
                0x0000000000050000                __alt_data_end = 0x50000
                0x0000000000050000                PROVIDE (__alt_stack_pointer, __alt_data_end)
                [!provide]                        PROVIDE (__alt_stack_limit, __alt_stack_base)
                [!provide]                        PROVIDE (__alt_heap_start, end)
                [!provide]                        PROVIDE (__alt_heap_limit, 0x50000)
OUTPUT(NIOS_APP.elf elf32-littlenios2)

.debug_ranges   0x0000000000000000      0x1e0
 .debug_ranges  0x0000000000000000       0x20 ../NIOS_APP_bsp//obj/HAL/src/crt0.o
 .debug_ranges  0x0000000000000020       0x18 d:/intelfpga/16.1/nios2eds/bin/gnu/h-x86_64-mingw32/bin/../lib/gcc/nios2-elf/5.3.0/../../../../../H-x86_64-mingw32/nios2-elf/lib\libsmallc.a(lib_a-puts.o)
 .debug_ranges  0x0000000000000038       0x10 d:/intelfpga/16.1/nios2eds/bin/gnu/h-x86_64-mingw32/bin/../lib/gcc/nios2-elf/5.3.0/../../../../../H-x86_64-mingw32/nios2-elf/lib\libsmallc.a(lib_a-strlen.o)
 .debug_ranges  0x0000000000000048       0x28 d:/intelfpga/16.1/nios2eds/bin/gnu/h-x86_64-mingw32/bin/../lib/gcc/nios2-elf/5.3.0/../../../../../H-x86_64-mingw32/nios2-elf/lib\libsmallc.a(lib_a-fvwrite_small_dev.o)
 .debug_ranges  0x0000000000000070       0x10 d:/intelfpga/16.1/nios2eds/bin/gnu/h-x86_64-mingw32/bin/../lib/gcc/nios2-elf/5.3.0/../../../../../H-x86_64-mingw32/nios2-elf/lib\libsmallc.a(lib_a-writer.o)
 .debug_ranges  0x0000000000000080       0x18 ../NIOS_APP_bsp/\libhal_bsp.a(altera_avalon_jtag_uart_read.o)
 .debug_ranges  0x0000000000000098       0x28 ../NIOS_APP_bsp/\libhal_bsp.a(alt_irq_entry.o)
 .debug_ranges  0x00000000000000c0       0x10 ../NIOS_APP_bsp/\libhal_bsp.a(alt_irq_handler.o)
 .debug_ranges  0x00000000000000d0       0x30 ../NIOS_APP_bsp/\libhal_bsp.a(alt_exception_entry.o)
 .debug_ranges  0x0000000000000100       0x18 ../NIOS_APP_bsp/\libhal_bsp.a(alt_instruction_exception_entry.o)
 .debug_ranges  0x0000000000000118       0x10 d:/intelfpga/16.1/nios2eds/bin/gnu/h-x86_64-mingw32/bin/../lib/gcc/nios2-elf/5.3.0/../../../../../H-x86_64-mingw32/nios2-elf/lib\libsmallc.a(lib_a-atexit.o)
 .debug_ranges  0x0000000000000128       0x10 d:/intelfpga/16.1/nios2eds/bin/gnu/h-x86_64-mingw32/bin/../lib/gcc/nios2-elf/5.3.0/../../../../../H-x86_64-mingw32/nios2-elf/lib\libsmallc.a(lib_a-exit.o)
 .debug_ranges  0x0000000000000138       0x10 d:/intelfpga/16.1/nios2eds/bin/gnu/h-x86_64-mingw32/bin/../lib/gcc/nios2-elf/5.3.0/../../../../../H-x86_64-mingw32/nios2-elf/lib\libsmallc.a(lib_a-memcmp.o)
 .debug_ranges  0x0000000000000148       0x10 d:/intelfpga/16.1/nios2eds/bin/gnu/h-x86_64-mingw32/bin/../lib/gcc/nios2-elf/5.3.0/../../../../../H-x86_64-mingw32/nios2-elf/lib\libsmallc.a(lib_a-__atexit.o)
 .debug_ranges  0x0000000000000158       0x28 d:/intelfpga/16.1/nios2eds/bin/gnu/h-x86_64-mingw32/bin/../lib/gcc/nios2-elf/5.3.0/../../../../../H-x86_64-mingw32/nios2-elf/lib\libsmallc.a(lib_a-__call_atexit.o)
 .debug_ranges  0x0000000000000180       0x60 d:/intelfpga/16.1/nios2eds/bin/gnu/h-x86_64-mingw32/bin/../lib/gcc/nios2-elf/5.3.0\libgcc.a(lib2-divmod.o)
